Archive member included to satisfy reference by file (symbol)

C:/Users/55999/.pico-sdk/toolchain/14_2_Rel1/bin/../lib/gcc/arm-none-eabi/14.2.1/thumb/v6-m/nofp\libgcc.a(_dvmd_tls.o)
                              CMakeFiles/FatFS_SPI_example.dir/C_/Users/55999/.pico-sdk/sdk/2.1.1/src/rp2_common/pico_divider/divider_hardware.S.obj (__aeabi_idiv0)
C:/Users/55999/.pico-sdk/toolchain/14_2_Rel1/bin/../lib/gcc/arm-none-eabi/14.2.1/thumb/v6-m/nofp\libg.a(libc_a-atoi.o)
                              CMakeFiles/FatFS_SPI_example.dir/FatFS_SPI_example.cpp.obj (atoi)
C:/Users/55999/.pico-sdk/toolchain/14_2_Rel1/bin/../lib/gcc/arm-none-eabi/14.2.1/thumb/v6-m/nofp\libg.a(libc_a-calloc.o)
                              CMakeFiles/FatFS_SPI_example.dir/C_/Users/55999/.pico-sdk/sdk/2.1.1/src/rp2_common/pico_malloc/malloc.c.obj (calloc)
C:/Users/55999/.pico-sdk/toolchain/14_2_Rel1/bin/../lib/gcc/arm-none-eabi/14.2.1/thumb/v6-m/nofp\libg.a(libc_a-callocr.o)
                              C:/Users/55999/.pico-sdk/toolchain/14_2_Rel1/bin/../lib/gcc/arm-none-eabi/14.2.1/thumb/v6-m/nofp\libg.a(libc_a-calloc.o) (_calloc_r)
C:/Users/55999/.pico-sdk/toolchain/14_2_Rel1/bin/../lib/gcc/arm-none-eabi/14.2.1/thumb/v6-m/nofp\libg.a(libc_a-malloc.o)
                              CMakeFiles/FatFS_SPI_example.dir/C_/Users/55999/.pico-sdk/sdk/2.1.1/src/rp2_common/pico_malloc/malloc.c.obj (malloc)
C:/Users/55999/.pico-sdk/toolchain/14_2_Rel1/bin/../lib/gcc/arm-none-eabi/14.2.1/thumb/v6-m/nofp\libg.a(libc_a-mallocr.o)
                              C:/Users/55999/.pico-sdk/toolchain/14_2_Rel1/bin/../lib/gcc/arm-none-eabi/14.2.1/thumb/v6-m/nofp\libg.a(libc_a-callocr.o) (_malloc_r)
C:/Users/55999/.pico-sdk/toolchain/14_2_Rel1/bin/../lib/gcc/arm-none-eabi/14.2.1/thumb/v6-m/nofp\libg.a(libc_a-mlock.o)
                              C:/Users/55999/.pico-sdk/toolchain/14_2_Rel1/bin/../lib/gcc/arm-none-eabi/14.2.1/thumb/v6-m/nofp\libg.a(libc_a-mallocr.o) (__malloc_lock)
C:/Users/55999/.pico-sdk/toolchain/14_2_Rel1/bin/../lib/gcc/arm-none-eabi/14.2.1/thumb/v6-m/nofp\libg.a(libc_a-rand.o)
                              CMakeFiles/FatFS_SPI_example.dir/tests/big_file_test.c.obj (srand)
C:/Users/55999/.pico-sdk/toolchain/14_2_Rel1/bin/../lib/gcc/arm-none-eabi/14.2.1/thumb/v6-m/nofp\libg.a(libc_a-realloc.o)
                              CMakeFiles/FatFS_SPI_example.dir/C_/Users/55999/.pico-sdk/sdk/2.1.1/src/rp2_common/pico_malloc/malloc.c.obj (realloc)
C:/Users/55999/.pico-sdk/toolchain/14_2_Rel1/bin/../lib/gcc/arm-none-eabi/14.2.1/thumb/v6-m/nofp\libg.a(libc_a-reallocr.o)
                              C:/Users/55999/.pico-sdk/toolchain/14_2_Rel1/bin/../lib/gcc/arm-none-eabi/14.2.1/thumb/v6-m/nofp\libg.a(libc_a-realloc.o) (_realloc_r)
C:/Users/55999/.pico-sdk/toolchain/14_2_Rel1/bin/../lib/gcc/arm-none-eabi/14.2.1/thumb/v6-m/nofp\libg.a(libc_a-strtol.o)
                              C:/Users/55999/.pico-sdk/toolchain/14_2_Rel1/bin/../lib/gcc/arm-none-eabi/14.2.1/thumb/v6-m/nofp\libg.a(libc_a-atoi.o) (_strtol_r)
C:/Users/55999/.pico-sdk/toolchain/14_2_Rel1/bin/../lib/gcc/arm-none-eabi/14.2.1/thumb/v6-m/nofp\libg.a(libc_a-strtoul.o)
                              CMakeFiles/FatFS_SPI_example.dir/FatFS_SPI_example.cpp.obj (strtoul)
C:/Users/55999/.pico-sdk/toolchain/14_2_Rel1/bin/../lib/gcc/arm-none-eabi/14.2.1/thumb/v6-m/nofp\libg.a(libc_a-ctype_.o)
                              C:/Users/55999/.pico-sdk/toolchain/14_2_Rel1/bin/../lib/gcc/arm-none-eabi/14.2.1/thumb/v6-m/nofp\libg.a(libc_a-strtol.o) (_ctype_)
C:/Users/55999/.pico-sdk/toolchain/14_2_Rel1/bin/../lib/gcc/arm-none-eabi/14.2.1/thumb/v6-m/nofp\libg.a(libc_a-isprint.o)
                              CMakeFiles/FatFS_SPI_example.dir/FatFS_SPI_example.cpp.obj (isprint)
C:/Users/55999/.pico-sdk/toolchain/14_2_Rel1/bin/../lib/gcc/arm-none-eabi/14.2.1/thumb/v6-m/nofp\libg.a(libc_a-isspace.o)
                              CMakeFiles/FatFS_SPI_example.dir/FatFS_SPI_example.cpp.obj (isspace)
C:/Users/55999/.pico-sdk/toolchain/14_2_Rel1/bin/../lib/gcc/arm-none-eabi/14.2.1/thumb/v6-m/nofp\libg.a(libc_a-fflush.o)
                              CMakeFiles/FatFS_SPI_example.dir/tests/simple.c.obj (fflush)
C:/Users/55999/.pico-sdk/toolchain/14_2_Rel1/bin/../lib/gcc/arm-none-eabi/14.2.1/thumb/v6-m/nofp\libg.a(libc_a-findfp.o)
                              C:/Users/55999/.pico-sdk/toolchain/14_2_Rel1/bin/../lib/gcc/arm-none-eabi/14.2.1/thumb/v6-m/nofp\libg.a(libc_a-fflush.o) (__sglue)
C:/Users/55999/.pico-sdk/toolchain/14_2_Rel1/bin/../lib/gcc/arm-none-eabi/14.2.1/thumb/v6-m/nofp\libg.a(libc_a-fwalk.o)
                              C:/Users/55999/.pico-sdk/toolchain/14_2_Rel1/bin/../lib/gcc/arm-none-eabi/14.2.1/thumb/v6-m/nofp\libg.a(libc_a-fflush.o) (_fwalk_sglue)
C:/Users/55999/.pico-sdk/toolchain/14_2_Rel1/bin/../lib/gcc/arm-none-eabi/14.2.1/thumb/v6-m/nofp\libg.a(libc_a-stdio.o)
[...]
Memory Configuration

Name             Origin             Length             Attributes
FLASH            0x10000000         0x00200000         xr
RAM              0x20000000         0x00040000         xrw
SCRATCH_X        0x20040000         0x00001000         xrw
SCRATCH_Y        0x20041000         0x00001000         xrw
*default*        0x00000000         0xffffffff

Linker script and memory map

LOAD C:/Users/55999/.pico-sdk/toolchain/14_2_Rel1/bin/../lib/gcc/arm-none-eabi/14.2.1/thumb/v6-m/nofp/crti.o
LOAD C:/Users/55999/.pico-sdk/toolchain/14_2_Rel1/bin/../lib/gcc/arm-none-eabi/14.2.1/thumb/v6-m/nofp/crtbegin.o
LOAD C:/Users/55999/.pico-sdk/toolchain/14_2_Rel1/bin/../lib/gcc/arm-none-eabi/14.2.1/thumb/v6-m/nofp/crt0.o

.flash_begin    0x10000000        0x0
                0x10000000                        __flash_binary_start = .

.boot2          0x10000000      0x100
                0x10000000                        __boot2_start__ = .
 *(.boot2)
 .boot2         0x10000000      0x100 pico-sdk/src/rp2040/boot_stage2/CMakeFiles/bs2_default_library.dir/./bs2_default_padded_checksummed.S.obj
                0x10000100                        __boot2_end__ = .
                0x00000001                        ASSERT (((__boot2_end__ - __boot2_start__) == 0x100), ERROR: Pico second stage bootloader must be 256 bytes in size)

.text           0x10000100    0x1dd44
                0x10000100                        __logical_binary_start = .
 *(.vectors)
 .vectors       0x10000100       0xd4 CMakeFiles/FatFS_SPI_example.dir/C_/Users/55999/.pico-sdk/sdk/2.1.1/src/rp2_common/pico_crt0/crt0.S.obj
                0x10000100                __VECTOR_TABLE
                0x10000100                __vectors
                0x100001c0                isr_invalid
                0x100001c0                __default_isrs_start
                0x100001c2                isr_nmi
                0x100001c4                isr_hardfault
                0x100001c6                isr_svcall
                0x100001c8                isr_pendsv
                0x100001ca                isr_systick
                0x100001cc                isr_irq23
                0x100001cc                isr_irq18
                0x100001cc                isr_irq11
                0x100001cc                isr_irq28
                0x100001cc                isr_irq19
                0x100001cc                isr_irq0
                0x100001cc                isr_irq6
                0x100001cc                isr_irq5
                0x100001cc                isr_irq12
                0x100001cc                isr_irq22
                0x100001cc                isr_irq31
                0x100001cc                isr_irq17
                0x100001cc                isr_irq27
                0x100001cc                isr_irq30
                0x100001cc                isr_irq2
                0x100001cc                isr_irq10
                0x100001cc                isr_irq8
                0x100001cc                isr_irq24
                0x100001cc                isr_irq1
                0x100001cc                isr_irq7
                0x100001cc                isr_irq21
                0x100001cc                isr_irq20
                0x100001cc                isr_irq15
                0x100001cc                isr_irq25
                0x100001cc                isr_irq13
                0x100001cc                __unhandled_user_irq
                0x100001cc                isr_irq4
                0x100001cc                isr_irq16
                0x100001cc                isr_irq29
                0x100001cc                isr_irq26
                0x100001cc                __default_isrs_end
                0x100001cc                isr_irq3
                0x100001cc                isr_irq14
                0x100001cc                isr_irq9
                0x100001d2                unhandled_user_irq_num_in_r0
 *(.binary_info_header)
 .binary_info_header
                0x100001d4       0x14 CMakeFiles/FatFS_SPI_example.dir/C_/Users/55999/.pico-sdk/sdk/2.1.1/src/rp2_common/pico_crt0/crt0.S.obj
                0x100001e8                        __binary_info_header_end = .
 *(.embedded_block)
                0x100001e8                        __embedded_block_end = .
 *(.reset)
 .reset         0x100001e8       0x9c CMakeFiles/FatFS_SPI_example.dir/C_/Users/55999/.pico-sdk/sdk/2.1.1/src/rp2_common/pico_crt0/crt0.S.obj
                0x100001e8                _entry_point
 *(.init)
 .init          0x10000284        0x4 C:/Users/55999/.pico-sdk/toolchain/14_2_Rel1/bin/../lib/gcc/arm-none-eabi/14.2.1/thumb/v6-m/nofp/crti.o
                0x10000284                _init
 *(EXCLUDE_FILE(*libm.a: *libc.a:*lib_a-mem*.o *libgcc.a:) .text*)
 .text.register_tm_clones
                0x10000288       0x28 C:/Users/55999/.pico-sdk/toolchain/14_2_Rel1/bin/../lib/gcc/arm-none-eabi/14.2.1/thumb/v6-m/nofp/crtbegin.o
 .text.frame_dummy
                0x100002b0       0x24 C:/Users/55999/.pico-sdk/toolchain/14_2_Rel1/bin/../lib/gcc/arm-none-eabi/14.2.1/thumb/v6-m/nofp/crtbegin.o
 .text._ZL15run_stop_loggerv
                0x100002d4        0xc CMakeFiles/FatFS_SPI_example.dir/FatFS_SPI_example.cpp.obj
 .text._ZL8run_helpv
                0x100002e0       0x24 CMakeFiles/FatFS_SPI_example.dir/FatFS_SPI_example.cpp.obj
 .text._ZL16run_start_loggerv
                0x10000304       0x34 CMakeFiles/FatFS_SPI_example.dir/FatFS_SPI_example.cpp.obj
 .text._ZL11run_unmountv
                0x10000338       0xb4 CMakeFiles/FatFS_SPI_example.dir/FatFS_SPI_example.cpp.obj
 .text._ZL8del_nodePKc
                0x100003ec       0x5c CMakeFiles/FatFS_SPI_example.dir/FatFS_SPI_example.cpp.obj
 .text._ZL10run_swcwdtv
                0x10000448       0x10 CMakeFiles/FatFS_SPI_example.dir/FatFS_SPI_example.cpp.obj
 .text._ZL8run_cdefv
                0x10000458       0x18 CMakeFiles/FatFS_SPI_example.dir/FatFS_SPI_example.cpp.obj
 .text._ZL15run_loop_swcwdtv
                0x10000470       0x2c CMakeFiles/FatFS_SPI_example.dir/FatFS_SPI_example.cpp.obj
 .text._ZL7run_catv
                0x1000049c       0x7c CMakeFiles/FatFS_SPI_example.dir/FatFS_SPI_example.cpp.obj
 .text._ZL11run_chdrivev
                0x10000518       0x3c CMakeFiles/FatFS_SPI_example.dir/FatFS_SPI_example.cpp.obj
 .text._ZL9run_lliotv
                0x10000554       0x28 CMakeFiles/FatFS_SPI_example.dir/FatFS_SPI_example.cpp.obj
 .text._ZL8run_datev
                0x1000057c       0x58 CMakeFiles/FatFS_SPI_example.dir/FatFS_SPI_example.cpp.obj
 .text._ZL10run_setrtcv
                0x100005d4       0xb4 CMakeFiles/FatFS_SPI_example.dir/FatFS_SPI_example.cpp.obj
 .text._ZL20card_detect_callbackjm
                0x10000688       0x9c CMakeFiles/FatFS_SPI_example.dir/FatFS_SPI_example.cpp.obj
 .text._ZL17run_big_file_testv
                0x10000724       0x54 CMakeFiles/FatFS_SPI_example.dir/FatFS_SPI_example.cpp.obj
 .text._ZL12run_del_nodev
                0x10000778       0x24 CMakeFiles/FatFS_SPI_example.dir/FatFS_SPI_example.cpp.obj
 .text._ZL9run_mkdirv
                0x1000079c       0x40 CMakeFiles/FatFS_SPI_example.dir/FatFS_SPI_example.cpp.obj
 .text._ZL6run_cdv
                0x100007dc       0x40 CMakeFiles/FatFS_SPI_example.dir/FatFS_SPI_example.cpp.obj
 .text._ZL10run_formatv
                0x1000081c       0x78 CMakeFiles/FatFS_SPI_example.dir/FatFS_SPI_example.cpp.obj
 .text._ZL11run_getfreev
                0x10000894       0xa0 CMakeFiles/FatFS_SPI_example.dir/FatFS_SPI_example.cpp.obj
 .text._ZL9run_mountv
                0x10000934       0xac CMakeFiles/FatFS_SPI_example.dir/FatFS_SPI_example.cpp.obj
 .text.ls       0x100009e0       0xf4 CMakeFiles/FatFS_SPI_example.dir/FatFS_SPI_example.cpp.obj
                0x100009e0                ls
 .text._ZL6run_lsv
                0x10000ad4       0x20 CMakeFiles/FatFS_SPI_example.dir/FatFS_SPI_example.cpp.obj
 .text.startup.main
                0x10000af4      0x208 CMakeFiles/FatFS_SPI_example.dir/FatFS_SPI_example.cpp.obj
                0x10000af4                main
 .text.sd_get_num
                0x10000cfc        0x4 CMakeFiles/FatFS_SPI_example.dir/hw_config.c.obj
                0x10000cfc                sd_get_num
 .text.sd_get_by_num
                0x10000d00       0x18 CMakeFiles/FatFS_SPI_example.dir/hw_config.c.obj
                0x10000d00                sd_get_by_num
 .text.spi_get_num
                0x10000d18        0x4 CMakeFiles/FatFS_SPI_example.dir/hw_config.c.obj
                0x10000d18                spi_get_num
 .text.spi_get_by_num
                0x10000d1c       0x18 CMakeFiles/FatFS_SPI_example.dir/hw_config.c.obj
                0x10000d1c                spi_get_by_num
 .text.process_logger
                0x10000d34      0x234 CMakeFiles/FatFS_SPI_example.dir/data_log_demo.c.obj
                0x10000d34                process_logger
 .text.simple   0x10000f68      0x40c CMakeFiles/FatFS_SPI_example.dir/tests/simple.c.obj
                0x10000f68                simple
 .text.pn.isra.0
                0x10001374       0x40 CMakeFiles/FatFS_SPI_example.dir/tests/app4-IO_module_function_checker.c.obj
 .text.test_diskio
                0x100013b4      0x7e8 CMakeFiles/FatFS_SPI_example.dir/tests/app4-IO_module_function_checker.c.obj
                0x100013b4                test_diskio
 .text.lliot    0x10001b9c       0x40 CMakeFiles/FatFS_SPI_example.dir/tests/app4-IO_module_function_checker.c.obj
                0x10001b9c                lliot
 .text.big_file_test
                0x10001bdc      0x384 CMakeFiles/FatFS_SPI_example.dir/tests/big_file_test.c.obj
                0x10001bdc                big_file_test
 .text.vCreateAndVerifyExampleFiles
                0x10001f60      0x3dc CMakeFiles/FatFS_SPI_example.dir/tests/CreateAndVerifyExampleFiles.c.obj
                0x10001f60                vCreateAndVerifyExampleFiles
 .text.vStdioWithCWDTest
                0x1000233c      0x9f4 CMakeFiles/FatFS_SPI_example.dir/tests/ff_stdio_tests_with_cwd.c.obj
                0x1000233c                vStdioWithCWDTest
 .text.gpio_default_irq_handler
                0x10002d30      0x2c8 CMakeFiles/FatFS_SPI_example.dir/C_/Users/55999/.pico-sdk/sdk/2.1.1/src/rp2_common/hardware_gpio/gpio.c.obj
 .text.gpio_set_function
                0x10002ff8       0x34 CMakeFiles/FatFS_SPI_example.dir/C_/Users/55999/.pico-sdk/sdk/2.1.1/src/rp2_common/hardware_gpio/gpio.c.obj
                0x10002ff8                gpio_set_function
 .text.gpio_set_pulls
                0x1000302c       0x28 CMakeFiles/FatFS_SPI_example.dir/C_/Users/55999/.pico-sdk/sdk/2.1.1/src/rp2_common/hardware_gpio/gpio.c.obj
                0x1000302c                gpio_set_pulls
 .text.gpio_set_drive_strength
                0x10003054       0x24 CMakeFiles/FatFS_SPI_example.dir/C_/Users/55999/.pico-sdk/sdk/2.1.1/src/rp2_common/hardware_gpio/gpio.c.obj
                0x10003054                gpio_set_drive_strength
 .text.gpio_set_irq_enabled_with_callback
                0x10003078       0xd0 CMakeFiles/FatFS_SPI_example.dir/C_/Users/55999/.pico-sdk/sdk/2.1.1/src/rp2_common/hardware_gpio/gpio.c.obj
                0x10003078                gpio_set_irq_enabled_with_callback
 .text.gpio_init
                0x10003148       0x40 CMakeFiles/FatFS_SPI_example.dir/C_/Users/55999/.pico-sdk/sdk/2.1.1/src/rp2_common/hardware_gpio/gpio.c.obj
                0x10003148                gpio_init
 .text.rp2040_chip_version
                0x10003188        0xc CMakeFiles/FatFS_SPI_example.dir/C_/Users/55999/.pico-sdk/sdk/2.1.1/src/rp2040/pico_platform/platform.c.obj
                0x10003188                rp2040_chip_version
 .text.panic    0x10003194       0x30 CMakeFiles/FatFS_SPI_example.dir/C_/Users/55999/.pico-sdk/sdk/2.1.1/src/rp2_common/pico_platform_panic/panic.c.obj
                0x10003194                panic
 .text.hw_claim_or_assert
                0x100031c4       0x44 CMakeFiles/FatFS_SPI_example.dir/C_/Users/55999/.pico-sdk/sdk/2.1.1/src/common/hardware_claim/claim.c.obj
                0x100031c4                hw_claim_or_assert
 .text.hw_claim_unused_from_range
                0x10003208       0x88 CMakeFiles/FatFS_SPI_example.dir/C_/Users/55999/.pico-sdk/sdk/2.1.1/src/common/hardware_claim/claim.c.obj
                0x10003208                hw_claim_unused_from_range
 .text.next_striped_spin_lock_num
                0x10003290       0x18 CMakeFiles/FatFS_SPI_example.dir/C_/Users/55999/.pico-sdk/sdk/2.1.1/src/rp2_common/hardware_sync/sync.c.obj
                0x10003290                next_striped_spin_lock_num
 .text.spin_lock_claim_unused
                0x100032a8       0x24 CMakeFiles/FatFS_SPI_example.dir/C_/Users/55999/.pico-sdk/sdk/2.1.1/src/rp2_common/hardware_sync/sync.c.obj
                0x100032a8                spin_lock_claim_unused
 .text.spin_locks_reset
                0x100032cc       0x1c CMakeFiles/FatFS_SPI_example.dir/c04590d3eea22916491e911ecb7edbd6/src/rp2_common/hardware_sync_spin_lock/sync_spin_lock.c.obj
                0x100032cc                spin_locks_reset
 .text.runtime_init_per_core_irq_priorities
                0x100032e8       0x24 CMakeFiles/FatFS_SPI_example.dir/C_/Users/55999/.pico-sdk/sdk/2.1.1/src/rp2_common/hardware_irq/irq.c.obj
                0x100032e8                runtime_init_per_core_irq_priorities
 .text.irq_set_enabled
                0x1000330c       0x24 CMakeFiles/FatFS_SPI_example.dir/C_/Users/55999/.pico-sdk/sdk/2.1.1/src/rp2_common/hardware_irq/irq.c.obj
                0x1000330c                irq_set_enabled
 .text.irq_is_enabled
                0x10003330       0x18 CMakeFiles/FatFS_SPI_example.dir/C_/Users/55999/.pico-sdk/sdk/2.1.1/src/rp2_common/hardware_irq/irq.c.obj
                0x10003330                irq_is_enabled
 .text.irq_set_pending
                0x10003348       0x10 CMakeFiles/FatFS_SPI_example.dir/C_/Users/55999/.pico-sdk/sdk/2.1.1/src/rp2_common/hardware_irq/irq.c.obj
                0x10003348                irq_set_pending
 .text.irq_has_shared_handler
                0x10003358       0x24 CMakeFiles/FatFS_SPI_example.dir/C_/Users/55999/.pico-sdk/sdk/2.1.1/src/rp2_common/hardware_irq/irq.c.obj
                0x10003358                irq_has_shared_handler
 .text.irq_set_exclusive_handler
                0x1000337c       0x54 CMakeFiles/FatFS_SPI_example.dir/C_/Users/55999/.pico-sdk/sdk/2.1.1/src/rp2_common/hardware_irq/irq.c.obj
                0x1000337c                irq_set_exclusive_handler
 .text.irq_add_shared_handler
                0x100033d0      0x1f4 CMakeFiles/FatFS_SPI_example.dir/C_/Users/55999/.pico-sdk/sdk/2.1.1/src/rp2_common/hardware_irq/irq.c.obj
                0x100033d0                irq_add_shared_handler
 .text.irq_remove_handler
                0x100035c4      0x1d4 CMakeFiles/FatFS_SPI_example.dir/C_/Users/55999/.pico-sdk/sdk/2.1.1/src/rp2_common/hardware_irq/irq.c.obj
                0x100035c4                irq_remove_handler
 .text.irq_add_tail_to_free_list
                0x10003798       0xb4 CMakeFiles/FatFS_SPI_example.dir/C_/Users/55999/.pico-sdk/sdk/2.1.1/src/rp2_common/hardware_irq/irq.c.obj
                0x10003798                irq_add_tail_to_free_list
 .text.user_irq_claim_unused
                0x1000384c       0x2c CMakeFiles/FatFS_SPI_example.dir/C_/Users/55999/.pico-sdk/sdk/2.1.1/src/rp2_common/hardware_irq/irq.c.obj
                0x1000384c                user_irq_claim_unused
 .text.sem_init
                0x10003878       0x20 CMakeFiles/FatFS_SPI_example.dir/C_/Users/55999/.pico-sdk/sdk/2.1.1/src/common/pico_sync/sem.c.obj
                0x10003878                sem_init
 .text.lock_init
                0x10003898       0x10 CMakeFiles/FatFS_SPI_example.dir/C_/Users/55999/.pico-sdk/sdk/2.1.1/src/common/pico_sync/lock_core.c.obj
                0x10003898                lock_init
 .text.runtime_init_mutex
                0x100038a8       0x50 CMakeFiles/FatFS_SPI_example.dir/C_/Users/55999/.pico-sdk/sdk/2.1.1/src/common/pico_sync/mutex.c.obj
                0x100038a8                runtime_init_mutex
 .text.mutex_init
                0x100038f8       0x1c CMakeFiles/FatFS_SPI_example.dir/C_/Users/55999/.pico-sdk/sdk/2.1.1/src/common/pico_sync/mutex.c.obj
                0x100038f8                mutex_init
 .text.critical_section_init
                0x10003914       0x1c CMakeFiles/FatFS_SPI_example.dir/C_/Users/55999/.pico-sdk/sdk/2.1.1/src/common/pico_sync/critical_section.c.obj
                0x10003914                critical_section_init
 .text.critical_section_init_with_lock_num
                0x10003930       0x14 CMakeFiles/FatFS_SPI_example.dir/C_/Users/55999/.pico-sdk/sdk/2.1.1/src/common/pico_sync/critical_section.c.obj
                0x10003930                critical_section_init_with_lock_num
 .text.sleep_until_callback
                0x10003944       0x30 CMakeFiles/FatFS_SPI_example.dir/C_/Users/55999/.pico-sdk/sdk/2.1.1/src/common/pico_time/time.c.obj
 .text.alarm_pool_irq_handler
                0x10003974      0x300 CMakeFiles/FatFS_SPI_example.dir/C_/Users/55999/.pico-sdk/sdk/2.1.1/src/common/pico_time/time.c.obj
 .text.runtime_init_default_alarm_pool
                0x10003c74       0xdc CMakeFiles/FatFS_SPI_example.dir/C_/Users/55999/.pico-sdk/sdk/2.1.1/src/common/pico_time/time.c.obj
                0x10003c74                runtime_init_default_alarm_pool
 .text.alarm_pool_get_default
                0x10003d50        0x8 CMakeFiles/FatFS_SPI_example.dir/C_/Users/55999/.pico-sdk/sdk/2.1.1/src/common/pico_time/time.c.obj
                0x10003d50                alarm_pool_get_default
 .text.alarm_pool_add_alarm_at
                0x10003d58       0xd0 CMakeFiles/FatFS_SPI_example.dir/C_/Users/55999/.pico-sdk/sdk/2.1.1/src/common/pico_time/time.c.obj
                0x10003d58                alarm_pool_add_alarm_at
 .text.alarm_pool_add_alarm_at_force_in_context
                0x10003e28       0xb0 CMakeFiles/FatFS_SPI_example.dir/C_/Users/55999/.pico-sdk/sdk/2.1.1/src/common/pico_time/time.c.obj
                0x10003e28                alarm_pool_add_alarm_at_force_in_context
 .text.alarm_pool_cancel_alarm
                0x10003ed8       0x74 CMakeFiles/FatFS_SPI_example.dir/C_/Users/55999/.pico-sdk/sdk/2.1.1/src/common/pico_time/time.c.obj
                0x10003ed8                alarm_pool_cancel_alarm
 .text.alarm_pool_core_num
                0x10003f4c        0x4 CMakeFiles/FatFS_SPI_example.dir/C_/Users/55999/.pico-sdk/sdk/2.1.1/src/common/pico_time/time.c.obj
                0x10003f4c                alarm_pool_core_num
 .text.best_effort_wfe_or_timeout
                0x10003f50      0x10c CMakeFiles/FatFS_SPI_example.dir/C_/Users/55999/.pico-sdk/sdk/2.1.1/src/common/pico_time/time.c.obj
                0x10003f50                best_effort_wfe_or_timeout
 .text.timer_hardware_alarm_claim
                0x1000405c       0x14 CMakeFiles/FatFS_SPI_example.dir/C_/Users/55999/.pico-sdk/sdk/2.1.1/src/rp2_common/hardware_timer/timer.c.obj
                0x1000405c                timer_hardware_alarm_claim
 .text.timer_time_us_64
                0x10004070       0x10 CMakeFiles/FatFS_SPI_example.dir/C_/Users/55999/.pico-sdk/sdk/2.1.1/src/rp2_common/hardware_timer/timer.c.obj
                0x10004070                timer_time_us_64
 .text.time_us_64
                0x10004080       0x14 CMakeFiles/FatFS_SPI_example.dir/C_/Users/55999/.pico-sdk/sdk/2.1.1/src/rp2_common/hardware_timer/timer.c.obj
                0x10004080                time_us_64
 .text.busy_wait_us
                0x10004094       0x68 CMakeFiles/FatFS_SPI_example.dir/C_/Users/55999/.pico-sdk/sdk/2.1.1/src/rp2_common/hardware_timer/timer.c.obj
                0x10004094                busy_wait_us
 .text.uart_init
                0x100040fc      0x120 CMakeFiles/FatFS_SPI_example.dir/C_/Users/55999/.pico-sdk/sdk/2.1.1/src/rp2_common/hardware_uart/uart.c.obj
                0x100040fc                uart_init
 .text.clock_configure_int_divider
                0x1000421c       0xf4 CMakeFiles/FatFS_SPI_example.dir/C_/Users/55999/.pico-sdk/sdk/2.1.1/src/rp2_common/hardware_clocks/clocks.c.obj
                0x1000421c                clock_configure_int_divider
 .text.clock_configure_undivided
                0x10004310       0xe8 CMakeFiles/FatFS_SPI_example.dir/C_/Users/55999/.pico-sdk/sdk/2.1.1/src/rp2_common/hardware_clocks/clocks.c.obj
                0x10004310                clock_configure_undivided
 .text.clock_get_hz
                0x100043f8        0xc CMakeFiles/FatFS_SPI_example.dir/C_/Users/55999/.pico-sdk/sdk/2.1.1/src/rp2_common/hardware_clocks/clocks.c.obj
                0x100043f8                clock_get_hz
 .text.pll_init
                0x10004404       0xa4 CMakeFiles/FatFS_SPI_example.dir/C_/Users/55999/.pico-sdk/sdk/2.1.1/src/rp2_common/hardware_pll/pll.c.obj
                0x10004404                pll_init
 .text.watchdog_reboot
                0x100044a8       0x9c CMakeFiles/FatFS_SPI_example.dir/C_/Users/55999/.pico-sdk/sdk/2.1.1/src/rp2_common/hardware_watchdog/watchdog.c.obj
                0x100044a8                watchdog_reboot
 .text.tick_start
                0x10004544       0x10 CMakeFiles/FatFS_SPI_example.dir/C_/Users/55999/.pico-sdk/sdk/2.1.1/src/rp2_common/hardware_ticks/ticks.c.obj
                0x10004544                tick_start
 .text.rom_func_lookup
                0x10004554       0x10 CMakeFiles/FatFS_SPI_example.dir/C_/Users/55999/.pico-sdk/sdk/2.1.1/src/rp2_common/pico_bootrom/bootrom.c.obj
                0x10004554                rom_func_lookup
 .text.rom_data_lookup
                0x10004564       0x10 CMakeFiles/FatFS_SPI_example.dir/C_/Users/55999/.pico-sdk/sdk/2.1.1/src/rp2_common/pico_bootrom/bootrom.c.obj
                0x10004564                rom_data_lookup
 .text.rom_funcs_lookup
                0x10004574       0x44 CMakeFiles/FatFS_SPI_example.dir/C_/Users/55999/.pico-sdk/sdk/2.1.1/src/rp2_common/pico_bootrom/bootrom.c.obj
                0x10004574                rom_funcs_lookup
 .text.rom_reset_usb_boot_extra
                0x100045b8       0x24 CMakeFiles/FatFS_SPI_example.dir/C_/Users/55999/.pico-sdk/sdk/2.1.1/src/rp2_common/pico_bootrom/bootrom.c.obj
                0x100045b8                rom_reset_usb_boot_extra
 .text.xosc_init
                0x100045dc       0x28 CMakeFiles/FatFS_SPI_example.dir/C_/Users/55999/.pico-sdk/sdk/2.1.1/src/rp2_common/hardware_xosc/xosc.c.obj
                0x100045dc                xosc_init
 .text.first_per_core_initializer
                0x10004604        0x4 CMakeFiles/FatFS_SPI_example.dir/C_/Users/55999/.pico-sdk/sdk/2.1.1/src/rp2_common/pico_runtime/runtime.c.obj
 .text.hard_assertion_failure
                0x10004608        0xc CMakeFiles/FatFS_SPI_example.dir/C_/Users/55999/.pico-sdk/sdk/2.1.1/src/rp2_common/pico_runtime/runtime.c.obj
                0x10004608                hard_assertion_failure
 .text.runtime_run_initializers
                0x10004614       0x28 CMakeFiles/FatFS_SPI_example.dir/C_/Users/55999/.pico-sdk/sdk/2.1.1/src/rp2_common/pico_runtime/runtime.c.obj
                0x10004614                runtime_run_initializers
 .text.runtime_init_early_resets
                0x1000463c       0x2c CMakeFiles/FatFS_SPI_example.dir/C_/Users/55999/.pico-sdk/sdk/2.1.1/src/rp2_common/pico_runtime_init/runtime_init.c.obj
                0x1000463c                runtime_init_early_resets
 .text.runtime_init_usb_power_down
                0x10004668       0x1c CMakeFiles/FatFS_SPI_example.dir/C_/Users/55999/.pico-sdk/sdk/2.1.1/src/rp2_common/pico_runtime_init/runtime_init.c.obj
                0x10004668                runtime_init_usb_power_down
 .text.runtime_init_post_clock_resets
                0x10004684       0x20 CMakeFiles/FatFS_SPI_example.dir/C_/Users/55999/.pico-sdk/sdk/2.1.1/src/rp2_common/pico_runtime_init/runtime_init.c.obj
                0x10004684                runtime_init_post_clock_resets
 .text.runtime_init_rp2040_gpio_ie_disable
                0x100046a4       0x14 CMakeFiles/FatFS_SPI_example.dir/C_/Users/55999/.pico-sdk/sdk/2.1.1/src/rp2_common/pico_runtime_init/runtime_init.c.obj
                0x100046a4                runtime_init_rp2040_gpio_ie_disable
 .text.runtime_init_spin_locks_reset
                0x100046b8        0x8 CMakeFiles/FatFS_SPI_example.dir/C_/Users/55999/.pico-sdk/sdk/2.1.1/src/rp2_common/pico_runtime_init/runtime_init.c.obj
                0x100046b8                runtime_init_spin_locks_reset
 .text.runtime_init_install_ram_vector_table
                0x100046c0       0x1c CMakeFiles/FatFS_SPI_example.dir/C_/Users/55999/.pico-sdk/sdk/2.1.1/src/rp2_common/pico_runtime_init/runtime_init.c.obj
                0x100046c0                runtime_init_install_ram_vector_table
 .text.runtime_init_clocks
                0x100046dc       0xd8 CMakeFiles/FatFS_SPI_example.dir/C_/Users/55999/.pico-sdk/sdk/2.1.1/src/rp2_common/pico_runtime_init/runtime_init_clocks.c.obj
                0x100046dc                runtime_init_clocks
 .text          0x100047b4       0x10 CMakeFiles/FatFS_SPI_example.dir/C_/Users/55999/.pico-sdk/sdk/2.1.1/src/rp2_common/pico_bit_ops/bit_ops_aeabi.S.obj
 .text.__wrap___aeabi_idiv
                0x100047c4       0x50 CMakeFiles/FatFS_SPI_example.dir/C_/Users/55999/.pico-sdk/sdk/2.1.1/src/rp2_common/pico_divider/divider_hardware.S.obj
                0x100047c4                __wrap___aeabi_idivmod
                0x100047c4                divmod_s32s32
                0x100047c4                div_s32s32
                0x100047c4                __wrap___aeabi_idiv
                0x100047cc                divmod_s32s32_unsafe
                0x100047f8                divmod_s32s32_savestate
 .text.__wrap___aeabi_uidiv
                0x10004814       0x4c CMakeFiles/FatFS_SPI_example.dir/C_/Users/55999/.pico-sdk/sdk/2.1.1/src/rp2_common/pico_divider/divider_hardware.S.obj
                0x10004814                __wrap___aeabi_uidiv
                0x10004814                __wrap___aeabi_uidivmod
                0x10004814                div_u32u32
                0x10004814                divmod_u32u32
                0x1000481c                divmod_u32u32_unsafe
                0x10004844                divmod_u32u32_savestate
 .text.__wrap___aeabi_ldiv
                0x10004860      0x424 CMakeFiles/FatFS_SPI_example.dir/C_/Users/55999/.pico-sdk/sdk/2.1.1/src/rp2_common/pico_divider/divider_hardware.S.obj
                0x10004860                div_s64s64
                0x10004860                divmod_s64s64
                0x10004860                __wrap___aeabi_ldivmod
                0x10004890                divmod_u64u64
                0x10004890                div_u64u64
                0x10004890                __wrap___aeabi_uldivmod
                0x100048a0                divmod_u64u64_savestate
                0x100048c0                divmod_s64s64_unsafe
                0x10004948                divmod_u64u64_unsafe
 .text.__wrap___aeabi_darithmetic
                0x10004c84       0x80 CMakeFiles/FatFS_SPI_example.dir/C_/Users/55999/.pico-sdk/sdk/2.1.1/src/rp2_common/pico_double/double_aeabi_rp2040.S.obj
                0x10004c84                __wrap___aeabi_drsub
                0x10004c8a                __wrap___aeabi_dsub
                0x10004c9c                __wrap___aeabi_dadd
                0x10004cae                __wrap___aeabi_ddiv
                0x10004cea                __wrap___aeabi_dmul
 .text.__wrap___aeabi_cdcmple
                0x10004d04       0x6c CMakeFiles/FatFS_SPI_example.dir/C_/Users/55999/.pico-sdk/sdk/2.1.1/src/rp2_common/pico_double/double_aeabi_rp2040.S.obj
                0x10004d04                __wrap___aeabi_cdrcmple
                0x10004d14                __wrap___aeabi_cdcmpeq
                0x10004d14                __wrap___aeabi_cdcmple
 .text.__wrap___aeabi_dcmpeq
                0x10004d70       0x10 CMakeFiles/FatFS_SPI_example.dir/C_/Users/55999/.pico-sdk/sdk/2.1.1/src/rp2_common/pico_double/double_aeabi_rp2040.S.obj
                0x10004d70                __wrap___aeabi_dcmpeq
 .text.__wrap___aeabi_dcmplt
                0x10004d80        0xc CMakeFiles/FatFS_SPI_example.dir/C_/Users/55999/.pico-sdk/sdk/2.1.1/src/rp2_common/pico_double/double_aeabi_rp2040.S.obj
                0x10004d80                __wrap___aeabi_dcmplt
 .text.__wrap___aeabi_dcmple
                0x10004d8c       0x10 CMakeFiles/FatFS_SPI_example.dir/C_/Users/55999/.pico-sdk/sdk/2.1.1/src/rp2_common/pico_double/double_aeabi_rp2040.S.obj
                0x10004d8c                __wrap___aeabi_dcmple
 .text.__wrap___aeabi_dcmpge
                0x10004d9c       0x10 CMakeFiles/FatFS_SPI_example.dir/C_/Users/55999/.pico-sdk/sdk/2.1.1/src/rp2_common/pico_double/double_aeabi_rp2040.S.obj
                0x10004d9c                __wrap___aeabi_dcmpge
 .text.__wrap___aeabi_dcmpgt
                0x10004dac        0xa CMakeFiles/FatFS_SPI_example.dir/C_/Users/55999/.pico-sdk/sdk/2.1.1/src/rp2_common/pico_double/double_aeabi_rp2040.S.obj
                0x10004dac                __wrap___aeabi_dcmpgt
 .text.__wrap___aeabi_dcmpun
                0x10004db6       0x18 CMakeFiles/FatFS_SPI_example.dir/C_/Users/55999/.pico-sdk/sdk/2.1.1/src/rp2_common/pico_double/double_aeabi_rp2040.S.obj
                0x10004db6                __wrap___aeabi_dcmpun
 *fill*         0x10004dce        0x2 
 .text.__wrap___aeabi_i2d
                0x10004dd0       0x38 CMakeFiles/FatFS_SPI_example.dir/C_/Users/55999/.pico-sdk/sdk/2.1.1/src/rp2_common/pico_double/double_aeabi_rp2040.S.obj
                0x10004dd0                uint2double
                0x10004dd0                __wrap___aeabi_ui2d
                0x10004dd8                int2double
                0x10004dd8                __wrap___aeabi_i2d
 .text.__wrap___aeabi_d2iz
                0x10004e08       0x48 CMakeFiles/FatFS_SPI_example.dir/C_/Users/55999/.pico-sdk/sdk/2.1.1/src/rp2_common/pico_double/double_aeabi_rp2040.S.obj
                0x10004e08                double2int_z
                0x10004e08                __wrap___aeabi_d2iz
 .text.__wrap___aeabi_d2uiz
                0x10004e50       0x18 CMakeFiles/FatFS_SPI_example.dir/C_/Users/55999/.pico-sdk/sdk/2.1.1/src/rp2_common/pico_double/double_aeabi_rp2040.S.obj
                0x10004e50                double2uint
                0x10004e50                __wrap___aeabi_d2uiz
                0x10004e50                double2uint_z
 .text.__wrap___aeabi_l2d
                0x10004e68       0x18 CMakeFiles/FatFS_SPI_example.dir/C_/Users/55999/.pico-sdk/sdk/2.1.1/src/rp2_common/pico_double/double_aeabi_rp2040.S.obj
                0x10004e68                int642double
                0x10004e68                __wrap___aeabi_l2d
 .text.__wrap___aeabi_d2f
                0x10004e80       0x18 CMakeFiles/FatFS_SPI_example.dir/C_/Users/55999/.pico-sdk/sdk/2.1.1/src/rp2_common/pico_double/double_aeabi_rp2040.S.obj
                0x10004e80                __wrap___aeabi_d2f
 .text.__aeabi_double_init
                0x10004e98       0xa4 CMakeFiles/FatFS_SPI_example.dir/C_/Users/55999/.pico-sdk/sdk/2.1.1/src/rp2_common/pico_double/double_init_rom_rp2040.c.obj
                0x10004e98                __aeabi_double_init
 .text.double_table_shim_on_use_helper
                0x10004f3c       0x2c CMakeFiles/FatFS_SPI_example.dir/C_/Users/55999/.pico-sdk/sdk/2.1.1/src/rp2_common/pico_double/double_v1_rom_shim_rp2040.S.obj
                0x10004f3c                double_table_shim_on_use_helper
 .text.__wrap___aeabi_dsub
                0x10004f68       0x10 CMakeFiles/FatFS_SPI_example.dir/C_/Users/55999/.pico-sdk/sdk/2.1.1/src/rp2_common/pico_double/double_v1_rom_shim_rp2040.S.obj
                0x10004f68                drsub_shim
                0x10004f6e                dsub_shim
 .text.dadd_shim
                0x10004f78      0x15c CMakeFiles/FatFS_SPI_example.dir/C_/Users/55999/.pico-sdk/sdk/2.1.1/src/rp2_common/pico_double/double_v1_rom_shim_rp2040.S.obj
                0x10004f78                dadd_shim
 .text.dmul_shim
                0x100050d4      0x15c CMakeFiles/FatFS_SPI_example.dir/C_/Users/55999/.pico-sdk/sdk/2.1.1/src/rp2_common/pico_double/double_v1_rom_shim_rp2040.S.obj
                0x100050d4                dmul_shim
 .text.ddiv_shim
                0x10005230      0x1b0 CMakeFiles/FatFS_SPI_example.dir/C_/Users/55999/.pico-sdk/sdk/2.1.1/src/rp2_common/pico_double/double_v1_rom_shim_rp2040.S.obj
                0x10005230                ddiv_shim
 .text.double2uint_shim
                0x100053e0        0xe CMakeFiles/FatFS_SPI_example.dir/C_/Users/55999/.pico-sdk/sdk/2.1.1/src/rp2_common/pico_double/double_v1_rom_shim_rp2040.S.obj
                0x100053e0                double2uint_shim
                0x100053e2                double2ufix_shim
 *fill*         0x100053ee        0x2 
 .text.double2uint64_shim
                0x100053f0       0x70 CMakeFiles/FatFS_SPI_example.dir/C_/Users/55999/.pico-sdk/sdk/2.1.1/src/rp2_common/pico_double/double_v1_rom_shim_rp2040.S.obj
                0x100053f0                double2uint64_shim
                0x100053f2                double2ufix64_shim
                0x10005412                d2fix_a
 .text.double2float_shim
                0x10005460       0x5c CMakeFiles/FatFS_SPI_example.dir/C_/Users/55999/.pico-sdk/sdk/2.1.1/src/rp2_common/pico_double/double_v1_rom_shim_rp2040.S.obj
                0x10005460                double2float_shim
 .text.x2double_shims
                0x100054bc       0x90 CMakeFiles/FatFS_SPI_example.dir/C_/Users/55999/.pico-sdk/sdk/2.1.1/src/rp2_common/pico_double/double_v1_rom_shim_rp2040.S.obj
                0x100054bc                uint2double_shim
                0x100054be                ufix2double_shim
                0x100054c4                int2double_shim
                0x100054c6                fix2double_shim
                0x100054cc                uint642double_shim
                0x100054ce                ufix642double_shim
                0x100054d4                int642double_shim
                0x100054d6                fix642double_shim
 .text.dunpacks
                0x1000554c       0x3c CMakeFiles/FatFS_SPI_example.dir/C_/Users/55999/.pico-sdk/sdk/2.1.1/src/rp2_common/pico_double/double_v1_rom_shim_rp2040.S.obj
                0x1000554c                dunpacks
 .text.__aeabi_lmul
                0x10005588       0x32 CMakeFiles/FatFS_SPI_example.dir/C_/Users/55999/.pico-sdk/sdk/2.1.1/src/rp2_common/pico_int64_ops/pico_int64_ops_aeabi.S.obj
                0x10005588                __wrap___aeabi_lmul
 *fill*         0x100055ba        0x2 
 .text.__wrap___aeabi_farithmetic
                0x100055bc       0x48 CMakeFiles/FatFS_SPI_example.dir/C_/Users/55999/.pico-sdk/sdk/2.1.1/src/rp2_common/pico_float/float_aeabi_rp2040.S.obj
                0x100055bc                __wrap___aeabi_frsub
                0x100055c2                __wrap___aeabi_fsub
                0x100055c8                __wrap___aeabi_fadd
                0x100055ce                __wrap___aeabi_fdiv
                0x100055f6                __wrap___aeabi_fmul
 .text.__wrap___aeabi_i2f
                0x10005604       0x44 CMakeFiles/FatFS_SPI_example.dir/C_/Users/55999/.pico-sdk/sdk/2.1.1/src/rp2_common/pico_float/float_aeabi_rp2040.S.obj
                0x10005604                __wrap___aeabi_i2f
                0x10005604                int2float
 .text.__wrap___aeabi_f2d
                0x10005648       0x14 CMakeFiles/FatFS_SPI_example.dir/C_/Users/55999/.pico-sdk/sdk/2.1.1/src/rp2_common/pico_float/float_aeabi_rp2040.S.obj
                0x10005648                __wrap___aeabi_f2d
 .text.__aeabi_float_init
                0x1000565c       0x64 CMakeFiles/FatFS_SPI_example.dir/C_/Users/55999/.pico-sdk/sdk/2.1.1/src/rp2_common/pico_float/float_init_rom_rp2040.c.obj
                0x1000565c                __aeabi_float_init
 .text.float_table_shim_on_use_helper
                0x100056c0       0x2c CMakeFiles/FatFS_SPI_example.dir/C_/Users/55999/.pico-sdk/sdk/2.1.1/src/rp2_common/pico_float/float_v1_rom_shim_rp2040.S.obj
                0x100056c0                float_table_shim_on_use_helper
 .text.float2double_shim
                0x100056ec       0x30 CMakeFiles/FatFS_SPI_example.dir/C_/Users/55999/.pico-sdk/sdk/2.1.1/src/rp2_common/pico_float/float_v1_rom_shim_rp2040.S.obj
                0x100056ec                float2double_shim
 .text.__wrap_malloc
                0x1000571c       0x24 CMakeFiles/FatFS_SPI_example.dir/C_/Users/55999/.pico-sdk/sdk/2.1.1/src/rp2_common/pico_malloc/malloc.c.obj
                0x1000571c                __wrap_malloc
 .text.__wrap_calloc
                0x10005740       0x28 CMakeFiles/FatFS_SPI_example.dir/C_/Users/55999/.pico-sdk/sdk/2.1.1/src/rp2_common/pico_malloc/malloc.c.obj
                0x10005740                __wrap_calloc
 .text.__wrap_realloc
                0x10005768       0x24 CMakeFiles/FatFS_SPI_example.dir/C_/Users/55999/.pico-sdk/sdk/2.1.1/src/rp2_common/pico_malloc/malloc.c.obj
                0x10005768                __wrap_realloc
 .text.__wrap_free
                0x1000578c        0x8 CMakeFiles/FatFS_SPI_example.dir/C_/Users/55999/.pico-sdk/sdk/2.1.1/src/rp2_common/pico_malloc/malloc.c.obj
                0x1000578c                __wrap_free
 .text          0x10005794       0x10 CMakeFiles/FatFS_SPI_example.dir/C_/Users/55999/.pico-sdk/sdk/2.1.1/src/rp2_common/pico_mem_ops/mem_ops_aeabi.S.obj
                0x10005794                __aeabi_mem_init
 .text.memset   0x100057a4        0xc CMakeFiles/FatFS_SPI_example.dir/C_/Users/55999/.pico-sdk/sdk/2.1.1/src/rp2_common/pico_mem_ops/mem_ops_aeabi.S.obj
                0x100057a4                __wrap_memset
 .text.memcpy   0x100057b0        0xc CMakeFiles/FatFS_SPI_example.dir/C_/Users/55999/.pico-sdk/sdk/2.1.1/src/rp2_common/pico_mem_ops/mem_ops_aeabi.S.obj
                0x100057b0                __wrap_memcpy
                0x100057b0                __wrap___aeabi_memcpy
 .text._out_buffer
                0x100057bc        0x8 CMakeFiles/FatFS_SPI_example.dir/C_/Users/55999/.pico-sdk/sdk/2.1.1/src/rp2_common/pico_printf/printf.c.obj
 .text._out_null
                0x100057c4        0x4 CMakeFiles/FatFS_SPI_example.dir/C_/Users/55999/.pico-sdk/sdk/2.1.1/src/rp2_common/pico_printf/printf.c.obj
 .text._out_rev
                0x100057c8       0xac CMakeFiles/FatFS_SPI_example.dir/C_/Users/55999/.pico-sdk/sdk/2.1.1/src/rp2_common/pico_printf/printf.c.obj
 .text._ntoa_format
                0x10005874      0x1cc CMakeFiles/FatFS_SPI_example.dir/C_/Users/55999/.pico-sdk/sdk/2.1.1/src/rp2_common/pico_printf/printf.c.obj
 .text._out_char
                0x10005a40       0x10 CMakeFiles/FatFS_SPI_example.dir/C_/Users/55999/.pico-sdk/sdk/2.1.1/src/rp2_common/pico_printf/printf.c.obj
 .text._out_fct
                0x10005a50       0x10 CMakeFiles/FatFS_SPI_example.dir/C_/Users/55999/.pico-sdk/sdk/2.1.1/src/rp2_common/pico_printf/printf.c.obj
 .text._ftoa    0x10005a60      0x4a8 CMakeFiles/FatFS_SPI_example.dir/C_/Users/55999/.pico-sdk/sdk/2.1.1/src/rp2_common/pico_printf/printf.c.obj
 .text._etoa    0x10005f08      0x57c CMakeFiles/FatFS_SPI_example.dir/C_/Users/55999/.pico-sdk/sdk/2.1.1/src/rp2_common/pico_printf/printf.c.obj
 .text._vsnprintf
                0x10006484      0xbe0 CMakeFiles/FatFS_SPI_example.dir/C_/Users/55999/.pico-sdk/sdk/2.1.1/src/rp2_common/pico_printf/printf.c.obj
 .text.__wrap_sprintf
                0x10007064       0x2c CMakeFiles/FatFS_SPI_example.dir/C_/Users/55999/.pico-sdk/sdk/2.1.1/src/rp2_common/pico_printf/printf.c.obj
                0x10007064                __wrap_sprintf
 .text.__wrap_snprintf
                0x10007090       0x28 CMakeFiles/FatFS_SPI_example.dir/C_/Users/55999/.pico-sdk/sdk/2.1.1/src/rp2_common/pico_printf/printf.c.obj
                0x10007090                __wrap_snprintf
 .text.vfctprintf
                0x100070b8       0x24 CMakeFiles/FatFS_SPI_example.dir/C_/Users/55999/.pico-sdk/sdk/2.1.1/src/rp2_common/pico_printf/printf.c.obj
                0x100070b8                vfctprintf
 .text.weak_raw_vprintf
                0x100070dc       0x30 CMakeFiles/FatFS_SPI_example.dir/C_/Users/55999/.pico-sdk/sdk/2.1.1/src/rp2_common/pico_printf/printf.c.obj
                0x100070dc                weak_raw_vprintf
 .text._exit    0x1000710c        0x4 CMakeFiles/FatFS_SPI_example.dir/C_/Users/55999/.pico-sdk/sdk/2.1.1/src/rp2_common/pico_clib_interface/newlib_interface.c.obj
                0x1000710c                _exit
 .text._sbrk    0x10007110       0x34 CMakeFiles/FatFS_SPI_example.dir/C_/Users/55999/.pico-sdk/sdk/2.1.1/src/rp2_common/pico_clib_interface/newlib_interface.c.obj
                0x10007110                _sbrk
 .text._read    0x10007144       0x24 CMakeFiles/FatFS_SPI_example.dir/C_/Users/55999/.pico-sdk/sdk/2.1.1/src/rp2_common/pico_clib_interface/newlib_interface.c.obj
                0x10007144                _read
 .text._write   0x10007168       0x24 CMakeFiles/FatFS_SPI_example.dir/C_/Users/55999/.pico-sdk/sdk/2.1.1/src/rp2_common/pico_clib_interface/newlib_interface.c.obj
                0x10007168                _write
 .text._close   0x1000718c        0x8 CMakeFiles/FatFS_SPI_example.dir/C_/Users/55999/.pico-sdk/sdk/2.1.1/src/rp2_common/pico_clib_interface/newlib_interface.c.obj
                0x1000718c                _close
 .text._lseek   0x10007194        0x8 CMakeFiles/FatFS_SPI_example.dir/C_/Users/55999/.pico-sdk/sdk/2.1.1/src/rp2_common/pico_clib_interface/newlib_interface.c.obj
                0x10007194                _lseek
 .text.exit     0x1000719c        0x8 CMakeFiles/FatFS_SPI_example.dir/C_/Users/55999/.pico-sdk/sdk/2.1.1/src/rp2_common/pico_clib_interface/newlib_interface.c.obj
                0x1000719c                exit
 .text.runtime_init
                0x100071a4       0x2c CMakeFiles/FatFS_SPI_example.dir/C_/Users/55999/.pico-sdk/sdk/2.1.1/src/rp2_common/pico_clib_interface/newlib_interface.c.obj
                0x100071a4                runtime_init
 .text.stdio_out_chars_no_crlf
                0x100071d0       0x10 CMakeFiles/FatFS_SPI_example.dir/C_/Users/55999/.pico-sdk/sdk/2.1.1/src/rp2_common/pico_stdio/stdio.c.obj
 .text.stdio_out_chars_crlf
                0x100071e0       0xb0 CMakeFiles/FatFS_SPI_example.dir/C_/Users/55999/.pico-sdk/sdk/2.1.1/src/rp2_common/pico_stdio/stdio.c.obj
 .text.stdio_buffered_printer
                0x10007290       0x64 CMakeFiles/FatFS_SPI_example.dir/C_/Users/55999/.pico-sdk/sdk/2.1.1/src/rp2_common/pico_stdio/stdio.c.obj
 .text.stdio_put_string
                0x100072f4       0xfc CMakeFiles/FatFS_SPI_example.dir/C_/Users/55999/.pico-sdk/sdk/2.1.1/src/rp2_common/pico_stdio/stdio.c.obj
                0x100072f4                stdio_put_string
 .text.stdio_get_until
                0x100073f0       0x84 CMakeFiles/FatFS_SPI_example.dir/C_/Users/55999/.pico-sdk/sdk/2.1.1/src/rp2_common/pico_stdio/stdio.c.obj
                0x100073f0                stdio_get_until
 .text.stdio_set_driver_enabled
                0x10007474       0x30 CMakeFiles/FatFS_SPI_example.dir/C_/Users/55999/.pico-sdk/sdk/2.1.1/src/rp2_common/pico_stdio/stdio.c.obj
                0x10007474                stdio_set_driver_enabled
 .text.stdio_flush
                0x100074a4       0x28 CMakeFiles/FatFS_SPI_example.dir/C_/Users/55999/.pico-sdk/sdk/2.1.1/src/rp2_common/pico_stdio/stdio.c.obj
                0x100074a4                stdio_flush
 .text.stdio_init_all
                0x100074cc       0x10 CMakeFiles/FatFS_SPI_example.dir/C_/Users/55999/.pico-sdk/sdk/2.1.1/src/rp2_common/pico_stdio/stdio.c.obj
                0x100074cc                stdio_init_all
 .text.stdio_getchar_timeout_us
                0x100074dc       0x98 CMakeFiles/FatFS_SPI_example.dir/C_/Users/55999/.pico-sdk/sdk/2.1.1/src/rp2_common/pico_stdio/stdio.c.obj
                0x100074dc                stdio_getchar_timeout_us
 .text.__wrap_putchar
                0x10007574       0x94 CMakeFiles/FatFS_SPI_example.dir/C_/Users/55999/.pico-sdk/sdk/2.1.1/src/rp2_common/pico_stdio/stdio.c.obj
                0x10007574                __wrap_putchar
                0x10007574                stdio_putchar
 .text.__wrap_puts
                0x10007608       0x3c CMakeFiles/FatFS_SPI_example.dir/C_/Users/55999/.pico-sdk/sdk/2.1.1/src/rp2_common/pico_stdio/stdio.c.obj
                0x10007608                stdio_puts
                0x10007608                __wrap_puts
 .text.__wrap_vprintf
                0x10007644       0xcc CMakeFiles/FatFS_SPI_example.dir/C_/Users/55999/.pico-sdk/sdk/2.1.1/src/rp2_common/pico_stdio/stdio.c.obj
                0x10007644                stdio_vprintf
                0x10007644                __wrap_vprintf
 .text.__wrap_printf
                0x10007710       0x18 CMakeFiles/FatFS_SPI_example.dir/C_/Users/55999/.pico-sdk/sdk/2.1.1/src/rp2_common/pico_stdio/stdio.c.obj
                0x10007710                __wrap_printf
                0x10007710                stdio_printf
 .text.stdio_uart_out_chars
                0x10007728       0x4c CMakeFiles/FatFS_SPI_example.dir/C_/Users/55999/.pico-sdk/sdk/2.1.1/src/rp2_common/pico_stdio_uart/stdio_uart.c.obj
 .text.stdio_uart_in_chars
                0x10007774       0x90 CMakeFiles/FatFS_SPI_example.dir/C_/Users/55999/.pico-sdk/sdk/2.1.1/src/rp2_common/pico_stdio_uart/stdio_uart.c.obj
                0x10007774                stdio_uart_in_chars
 .text.on_uart_rx
                0x10007804       0x28 CMakeFiles/FatFS_SPI_example.dir/C_/Users/55999/.pico-sdk/sdk/2.1.1/src/rp2_common/pico_stdio_uart/stdio_uart.c.obj
 .text.stdio_uart_out_flush
                0x1000782c       0x14 CMakeFiles/FatFS_SPI_example.dir/C_/Users/55999/.pico-sdk/sdk/2.1.1/src/rp2_common/pico_stdio_uart/stdio_uart.c.obj
 .text.stdio_uart_set_chars_available_callback
                0x10007840       0x84 CMakeFiles/FatFS_SPI_example.dir/C_/Users/55999/.pico-sdk/sdk/2.1.1/src/rp2_common/pico_stdio_uart/stdio_uart.c.obj
 .text.stdio_uart_init
                0x100078c4       0x50 CMakeFiles/FatFS_SPI_example.dir/C_/Users/55999/.pico-sdk/sdk/2.1.1/src/rp2_common/pico_stdio_uart/stdio_uart.c.obj
                0x100078c4                stdio_uart_init
 .text.resetd_init
                0x10007914        0x4 CMakeFiles/FatFS_SPI_example.dir/C_/Users/55999/.pico-sdk/sdk/2.1.1/src/rp2_common/pico_stdio_usb/reset_interface.c.obj
 .text.resetd_reset
                0x10007918        0xc CMakeFiles/FatFS_SPI_example.dir/C_/Users/55999/.pico-sdk/sdk/2.1.1/src/rp2_common/pico_stdio_usb/reset_interface.c.obj
 .text.resetd_open
                0x10007924       0x28 CMakeFiles/FatFS_SPI_example.dir/C_/Users/55999/.pico-sdk/sdk/2.1.1/src/rp2_common/pico_stdio_usb/reset_interface.c.obj
 .text.resetd_xfer_cb
                0x1000794c        0x4 CMakeFiles/FatFS_SPI_example.dir/C_/Users/55999/.pico-sdk/sdk/2.1.1/src/rp2_common/pico_stdio_usb/reset_interface.c.obj
 .text.resetd_control_xfer_cb
                0x10007950       0x54 CMakeFiles/FatFS_SPI_example.dir/C_/Users/55999/.pico-sdk/sdk/2.1.1/src/rp2_common/pico_stdio_usb/reset_interface.c.obj
 .text.tud_descriptor_bos_cb
                0x100079a4        0x8 CMakeFiles/FatFS_SPI_example.dir/C_/Users/55999/.pico-sdk/sdk/2.1.1/src/rp2_common/pico_stdio_usb/reset_interface.c.obj
                0x100079a4                tud_descriptor_bos_cb
 .text.tud_vendor_control_xfer_cb
                0x100079ac       0x34 CMakeFiles/FatFS_SPI_example.dir/C_/Users/55999/.pico-sdk/sdk/2.1.1/src/rp2_common/pico_stdio_usb/reset_interface.c.obj
                0x100079ac                tud_vendor_control_xfer_cb
 .text.usbd_app_driver_get_cb
                0x100079e0        0xc CMakeFiles/FatFS_SPI_example.dir/C_/Users/55999/.pico-sdk/sdk/2.1.1/src/rp2_common/pico_stdio_usb/reset_interface.c.obj
                0x100079e0                usbd_app_driver_get_cb
 .text.tud_cdc_line_coding_cb
                0x100079ec       0x2c CMakeFiles/FatFS_SPI_example.dir/C_/Users/55999/.pico-sdk/sdk/2.1.1/src/rp2_common/pico_stdio_usb/reset_interface.c.obj
                0x100079ec                tud_cdc_line_coding_cb
 .text.stdio_usb_set_chars_available_callback
                0x10007a18       0x14 CMakeFiles/FatFS_SPI_example.dir/C_/Users/55999/.pico-sdk/sdk/2.1.1/src/rp2_common/pico_stdio_usb/stdio_usb.c.obj
                0x10007a18                stdio_usb_set_chars_available_callback
 .text.usb_irq  0x10007a2c       0x10 CMakeFiles/FatFS_SPI_example.dir/C_/Users/55999/.pico-sdk/sdk/2.1.1/src/rp2_common/pico_stdio_usb/stdio_usb.c.obj
 .text.timer_task
                0x10007a3c       0x64 CMakeFiles/FatFS_SPI_example.dir/C_/Users/55999/.pico-sdk/sdk/2.1.1/src/rp2_common/pico_stdio_usb/stdio_usb.c.obj
 .text.stdio_usb_in_chars
                0x10007aa0       0x8c CMakeFiles/FatFS_SPI_example.dir/C_/Users/55999/.pico-sdk/sdk/2.1.1/src/rp2_common/pico_stdio_usb/stdio_usb.c.obj
                0x10007aa0                stdio_usb_in_chars
 .text.stdio_usb_out_flush
                0x10007b2c       0x4c CMakeFiles/FatFS_SPI_example.dir/C_/Users/55999/.pico-sdk/sdk/2.1.1/src/rp2_common/pico_stdio_usb/stdio_usb.c.obj
 .text.stdio_usb_out_chars
                0x10007b78      0x100 CMakeFiles/FatFS_SPI_example.dir/C_/Users/55999/.pico-sdk/sdk/2.1.1/src/rp2_common/pico_stdio_usb/stdio_usb.c.obj
 .text.low_priority_worker_irq
                0x10007c78       0xc8 CMakeFiles/FatFS_SPI_example.dir/C_/Users/55999/.pico-sdk/sdk/2.1.1/src/rp2_common/pico_stdio_usb/stdio_usb.c.obj
 .text.stdio_usb_init
                0x10007d40       0xe8 CMakeFiles/FatFS_SPI_example.dir/C_/Users/55999/.pico-sdk/sdk/2.1.1/src/rp2_common/pico_stdio_usb/stdio_usb.c.obj
                0x10007d40                stdio_usb_init
 .text.tud_descriptor_device_cb
                0x10007e28        0x8 CMakeFiles/FatFS_SPI_example.dir/C_/Users/55999/.pico-sdk/sdk/2.1.1/src/rp2_common/pico_stdio_usb/stdio_usb_descriptors.c.obj
                0x10007e28                tud_descriptor_device_cb
 .text.tud_descriptor_configuration_cb
                0x10007e30        0x8 CMakeFiles/FatFS_SPI_example.dir/C_/Users/55999/.pico-sdk/sdk/2.1.1/src/rp2_common/pico_stdio_usb/stdio_usb_descriptors.c.obj
                0x10007e30                tud_descriptor_configuration_cb
 .text.tud_descriptor_string_cb
                0x10007e38       0x78 CMakeFiles/FatFS_SPI_example.dir/C_/Users/55999/.pico-sdk/sdk/2.1.1/src/rp2_common/pico_stdio_usb/stdio_usb_descriptors.c.obj
                0x10007e38                tud_descriptor_string_cb
 .text.startup._retrieve_unique_id_on_boot
                0x10007eb0       0x10 CMakeFiles/FatFS_SPI_example.dir/C_/Users/55999/.pico-sdk/sdk/2.1.1/src/rp2_common/pico_unique_id/unique_id.c.obj
 .text.pico_get_unique_board_id_string
                0x10007ec0      0x1a8 CMakeFiles/FatFS_SPI_example.dir/C_/Users/55999/.pico-sdk/sdk/2.1.1/src/rp2_common/pico_unique_id/unique_id.c.obj
                0x10007ec0                pico_get_unique_board_id_string
 .text.flash_get_unique_id
                0x10008068       0x3c CMakeFiles/FatFS_SPI_example.dir/C_/Users/55999/.pico-sdk/sdk/2.1.1/src/rp2_common/hardware_flash/flash.c.obj
                0x10008068                flash_get_unique_id
 .text.dcd_init
                0x100080a4       0x90 CMakeFiles/FatFS_SPI_example.dir/c04590d3eea22916491e911ecb7edbd6/lib/tinyusb/src/portable/raspberrypi/rp2040/dcd_rp2040.c.obj
                0x100080a4                dcd_init
 .text.dcd_int_enable
                0x10008134        0xc CMakeFiles/FatFS_SPI_example.dir/c04590d3eea22916491e911ecb7edbd6/lib/tinyusb/src/portable/raspberrypi/rp2040/dcd_rp2040.c.obj
                0x10008134                dcd_int_enable
 .text.dcd_set_address
                0x10008140       0x14 CMakeFiles/FatFS_SPI_example.dir/c04590d3eea22916491e911ecb7edbd6/lib/tinyusb/src/portable/raspberrypi/rp2040/dcd_rp2040.c.obj
                0x10008140                dcd_set_address
 .text.dcd_sof_enable
                0x10008154       0x1c CMakeFiles/FatFS_SPI_example.dir/c04590d3eea22916491e911ecb7edbd6/lib/tinyusb/src/portable/raspberrypi/rp2040/dcd_rp2040.c.obj
                0x10008154                dcd_sof_enable
 .text.dcd_edpt0_status_complete
                0x10008170       0x1c CMakeFiles/FatFS_SPI_example.dir/c04590d3eea22916491e911ecb7edbd6/lib/tinyusb/src/portable/raspberrypi/rp2040/dcd_rp2040.c.obj
                0x10008170                dcd_edpt0_status_complete
 .text.dcd_edpt_open
                0x1000818c      0x114 CMakeFiles/FatFS_SPI_example.dir/c04590d3eea22916491e911ecb7edbd6/lib/tinyusb/src/portable/raspberrypi/rp2040/dcd_rp2040.c.obj
                0x1000818c                dcd_edpt_open
 .text.dcd_edpt_close_all
                0x100082a0        0x8 CMakeFiles/FatFS_SPI_example.dir/c04590d3eea22916491e911ecb7edbd6/lib/tinyusb/src/portable/raspberrypi/rp2040/dcd_rp2040.c.obj
                0x100082a0                dcd_edpt_close_all
 .text.dcd_edpt_xfer
                0x100082a8       0x24 CMakeFiles/FatFS_SPI_example.dir/c04590d3eea22916491e911ecb7edbd6/lib/tinyusb/src/portable/raspberrypi/rp2040/dcd_rp2040.c.obj
                0x100082a8                dcd_edpt_xfer
 .text.dcd_edpt_stall
                0x100082cc       0x3c CMakeFiles/FatFS_SPI_example.dir/c04590d3eea22916491e911ecb7edbd6/lib/tinyusb/src/portable/raspberrypi/rp2040/dcd_rp2040.c.obj
                0x100082cc                dcd_edpt_stall
 .text.dcd_edpt_clear_stall
                0x10008308       0x30 CMakeFiles/FatFS_SPI_example.dir/c04590d3eea22916491e911ecb7edbd6/lib/tinyusb/src/portable/raspberrypi/rp2040/dcd_rp2040.c.obj
                0x10008308                dcd_edpt_clear_stall
 .text.rp2040_usb_init
                0x10008338       0x40 CMakeFiles/FatFS_SPI_example.dir/c04590d3eea22916491e911ecb7edbd6/lib/tinyusb/src/portable/raspberrypi/rp2040/rp2040_usb.c.obj
                0x10008338                rp2040_usb_init
 .text.hw_endpoint_xfer_start
                0x10008378       0x40 CMakeFiles/FatFS_SPI_example.dir/c04590d3eea22916491e911ecb7edbd6/lib/tinyusb/src/portable/raspberrypi/rp2040/rp2040_usb.c.obj
                0x10008378                hw_endpoint_xfer_start
 .text.tud_event_hook_cb
                0x100083b8        0x4 CMakeFiles/FatFS_SPI_example.dir/C_/Users/55999/.pico-sdk/sdk/2.1.1/lib/tinyusb/src/device/usbd.c.obj
                0x100083b8                tud_event_hook_cb
 .text.tud_sof_cb
                0x100083bc        0x4 CMakeFiles/FatFS_SPI_example.dir/C_/Users/55999/.pico-sdk/sdk/2.1.1/lib/tinyusb/src/device/usbd.c.obj
                0x100083bc                tud_sof_cb
 .text.tud_descriptor_device_qualifier_cb
                0x100083c0        0x4 CMakeFiles/FatFS_SPI_example.dir/C_/Users/55999/.pico-sdk/sdk/2.1.1/lib/tinyusb/src/device/usbd.c.obj
                0x100083c0                tud_descriptor_device_qualifier_cb
 .text.tud_descriptor_other_speed_configuration_cb
                0x100083c4        0x4 CMakeFiles/FatFS_SPI_example.dir/C_/Users/55999/.pico-sdk/sdk/2.1.1/lib/tinyusb/src/device/usbd.c.obj
                0x100083c4                tud_descriptor_other_speed_configuration_cb
 .text.tud_mount_cb
                0x100083c8        0x4 CMakeFiles/FatFS_SPI_example.dir/C_/Users/55999/.pico-sdk/sdk/2.1.1/lib/tinyusb/src/device/usbd.c.obj
                0x100083c8                tud_mount_cb
 .text.tud_umount_cb
                0x100083cc        0x4 CMakeFiles/FatFS_SPI_example.dir/C_/Users/55999/.pico-sdk/sdk/2.1.1/lib/tinyusb/src/device/usbd.c.obj
                0x100083cc                tud_umount_cb
 .text.tud_suspend_cb
                0x100083d0        0x4 CMakeFiles/FatFS_SPI_example.dir/C_/Users/55999/.pico-sdk/sdk/2.1.1/lib/tinyusb/src/device/usbd.c.obj
                0x100083d0                tud_suspend_cb
 .text.tud_resume_cb
                0x100083d4        0x4 CMakeFiles/FatFS_SPI_example.dir/C_/Users/55999/.pico-sdk/sdk/2.1.1/lib/tinyusb/src/device/usbd.c.obj
                0x100083d4                tud_resume_cb
 .text.tud_mounted
                0x100083d8       0x10 CMakeFiles/FatFS_SPI_example.dir/C_/Users/55999/.pico-sdk/sdk/2.1.1/lib/tinyusb/src/device/usbd.c.obj
                0x100083d8                tud_mounted
 .text.tud_suspended
                0x100083e8       0x10 CMakeFiles/FatFS_SPI_example.dir/C_/Users/55999/.pico-sdk/sdk/2.1.1/lib/tinyusb/src/device/usbd.c.obj
                0x100083e8                tud_suspended
 .text.tud_rhport_init
                0x100083f8       0xf4 CMakeFiles/FatFS_SPI_example.dir/C_/Users/55999/.pico-sdk/sdk/2.1.1/lib/tinyusb/src/device/usbd.c.obj
                0x100083f8                tud_rhport_init
 .text.tud_task_ext
                0x100084ec      0x800 CMakeFiles/FatFS_SPI_example.dir/C_/Users/55999/.pico-sdk/sdk/2.1.1/lib/tinyusb/src/device/usbd.c.obj
                0x100084ec                tud_task_ext
 .text.usbd_open_edpt_pair
                0x10008cec       0x9c CMakeFiles/FatFS_SPI_example.dir/C_/Users/55999/.pico-sdk/sdk/2.1.1/lib/tinyusb/src/device/usbd.c.obj
                0x10008cec                usbd_open_edpt_pair
 .text.usbd_edpt_open
                0x10008d88       0x34 CMakeFiles/FatFS_SPI_example.dir/C_/Users/55999/.pico-sdk/sdk/2.1.1/lib/tinyusb/src/device/usbd.c.obj
                0x10008d88                usbd_edpt_open
 .text.usbd_edpt_claim
                0x10008dbc       0x28 CMakeFiles/FatFS_SPI_example.dir/C_/Users/55999/.pico-sdk/sdk/2.1.1/lib/tinyusb/src/device/usbd.c.obj
                0x10008dbc                usbd_edpt_claim
 .text.usbd_edpt_release
                0x10008de4       0x28 CMakeFiles/FatFS_SPI_example.dir/C_/Users/55999/.pico-sdk/sdk/2.1.1/lib/tinyusb/src/device/usbd.c.obj
                0x10008de4                usbd_edpt_release
 .text.usbd_edpt_xfer
                0x10008e0c       0x4c CMakeFiles/FatFS_SPI_example.dir/C_/Users/55999/.pico-sdk/sdk/2.1.1/lib/tinyusb/src/device/usbd.c.obj
                0x10008e0c                usbd_edpt_xfer
 .text.tud_control_status
                0x10008e58       0x2c CMakeFiles/FatFS_SPI_example.dir/C_/Users/55999/.pico-sdk/sdk/2.1.1/lib/tinyusb/src/device/usbd_control.c.obj
                0x10008e58                tud_control_status
 .text.tud_control_xfer
                0x10008e84       0xa8 CMakeFiles/FatFS_SPI_example.dir/C_/Users/55999/.pico-sdk/sdk/2.1.1/lib/tinyusb/src/device/usbd_control.c.obj
                0x10008e84                tud_control_xfer
 .text.usbd_control_reset
                0x10008f2c       0x14 CMakeFiles/FatFS_SPI_example.dir/C_/Users/55999/.pico-sdk/sdk/2.1.1/lib/tinyusb/src/device/usbd_control.c.obj
                0x10008f2c                usbd_control_reset
 .text.usbd_control_set_complete_callback
                0x10008f40        0xc CMakeFiles/FatFS_SPI_example.dir/C_/Users/55999/.pico-sdk/sdk/2.1.1/lib/tinyusb/src/device/usbd_control.c.obj
                0x10008f40                usbd_control_set_complete_callback
 .text.usbd_control_set_request
                0x10008f4c       0x1c CMakeFiles/FatFS_SPI_example.dir/C_/Users/55999/.pico-sdk/sdk/2.1.1/lib/tinyusb/src/device/usbd_control.c.obj
                0x10008f4c                usbd_control_set_request
 .text.usbd_control_xfer_cb
                0x10008f68       0xec CMakeFiles/FatFS_SPI_example.dir/C_/Users/55999/.pico-sdk/sdk/2.1.1/lib/tinyusb/src/device/usbd_control.c.obj
                0x10008f68                usbd_control_xfer_cb
 .text._prep_out_transaction.isra.0
                0x10009054       0x6c CMakeFiles/FatFS_SPI_example.dir/C_/Users/55999/.pico-sdk/sdk/2.1.1/lib/tinyusb/src/class/cdc/cdc_device.c.obj
 .text.tud_cdc_n_connected
                0x100090c0       0x2c CMakeFiles/FatFS_SPI_example.dir/C_/Users/55999/.pico-sdk/sdk/2.1.1/lib/tinyusb/src/class/cdc/cdc_device.c.obj
                0x100090c0                tud_cdc_n_connected
 .text.tud_cdc_n_available
                0x100090ec       0x14 CMakeFiles/FatFS_SPI_example.dir/C_/Users/55999/.pico-sdk/sdk/2.1.1/lib/tinyusb/src/class/cdc/cdc_device.c.obj
                0x100090ec                tud_cdc_n_available
 .text.tud_cdc_n_read
                0x10009100       0x88 CMakeFiles/FatFS_SPI_example.dir/C_/Users/55999/.pico-sdk/sdk/2.1.1/lib/tinyusb/src/class/cdc/cdc_device.c.obj
                0x10009100                tud_cdc_n_read
 .text.tud_cdc_n_write_flush
                0x10009188       0x74 CMakeFiles/FatFS_SPI_example.dir/C_/Users/55999/.pico-sdk/sdk/2.1.1/lib/tinyusb/src/class/cdc/cdc_device.c.obj
                0x10009188                tud_cdc_n_write_flush
 .text.tud_cdc_n_write
                0x100091fc       0x40 CMakeFiles/FatFS_SPI_example.dir/C_/Users/55999/.pico-sdk/sdk/2.1.1/lib/tinyusb/src/class/cdc/cdc_device.c.obj
                0x100091fc                tud_cdc_n_write
 .text.tud_cdc_n_write_available
                0x1000923c       0x14 CMakeFiles/FatFS_SPI_example.dir/C_/Users/55999/.pico-sdk/sdk/2.1.1/lib/tinyusb/src/class/cdc/cdc_device.c.obj
                0x1000923c                tud_cdc_n_write_available
 .text.cdcd_init
                0x10009250       0x70 CMakeFiles/FatFS_SPI_example.dir/C_/Users/55999/.pico-sdk/sdk/2.1.1/lib/tinyusb/src/class/cdc/cdc_device.c.obj
                0x10009250                cdcd_init
 .text.cdcd_deinit
                0x100092c0       0x30 CMakeFiles/FatFS_SPI_example.dir/C_/Users/55999/.pico-sdk/sdk/2.1.1/lib/tinyusb/src/class/cdc/cdc_device.c.obj
                0x100092c0                cdcd_deinit
 .text.cdcd_reset
                0x100092f0       0x4c CMakeFiles/FatFS_SPI_example.dir/C_/Users/55999/.pico-sdk/sdk/2.1.1/lib/tinyusb/src/class/cdc/cdc_device.c.obj
                0x100092f0                cdcd_reset
 .text.cdcd_open
                0x1000933c       0xa4 CMakeFiles/FatFS_SPI_example.dir/C_/Users/55999/.pico-sdk/sdk/2.1.1/lib/tinyusb/src/class/cdc/cdc_device.c.obj
                0x1000933c                cdcd_open
 .text.cdcd_control_xfer_cb
                0x100093e0       0xe8 CMakeFiles/FatFS_SPI_example.dir/C_/Users/55999/.pico-sdk/sdk/2.1.1/lib/tinyusb/src/class/cdc/cdc_device.c.obj
                0x100093e0                cdcd_control_xfer_cb
 .text.cdcd_xfer_cb
                0x100094c8      0x100 CMakeFiles/FatFS_SPI_example.dir/C_/Users/55999/.pico-sdk/sdk/2.1.1/lib/tinyusb/src/class/cdc/cdc_device.c.obj
                0x100094c8                cdcd_xfer_cb
 .text.vendord_init
                0x100095c8       0x5c CMakeFiles/FatFS_SPI_example.dir/C_/Users/55999/.pico-sdk/sdk/2.1.1/lib/tinyusb/src/class/vendor/vendor_device.c.obj
                0x100095c8                vendord_init
 .text.vendord_deinit
                0x10009624       0x1c CMakeFiles/FatFS_SPI_example.dir/C_/Users/55999/.pico-sdk/sdk/2.1.1/lib/tinyusb/src/class/vendor/vendor_device.c.obj
                0x10009624                vendord_deinit
 .text.vendord_reset
                0x10009640       0x28 CMakeFiles/FatFS_SPI_example.dir/C_/Users/55999/.pico-sdk/sdk/2.1.1/lib/tinyusb/src/class/vendor/vendor_device.c.obj
                0x10009640                vendord_reset
 .text.vendord_open
                0x10009668      0x120 CMakeFiles/FatFS_SPI_example.dir/C_/Users/55999/.pico-sdk/sdk/2.1.1/lib/tinyusb/src/class/vendor/vendor_device.c.obj
                0x10009668                vendord_open
 .text.vendord_xfer_cb
                0x10009788       0x9c CMakeFiles/FatFS_SPI_example.dir/C_/Users/55999/.pico-sdk/sdk/2.1.1/lib/tinyusb/src/class/vendor/vendor_device.c.obj
                0x10009788                vendord_xfer_cb
 .text.tusb_rhport_init
                0x10009824       0x4c CMakeFiles/FatFS_SPI_example.dir/C_/Users/55999/.pico-sdk/sdk/2.1.1/lib/tinyusb/src/tusb.c.obj
                0x10009824                tusb_rhport_init
 .text.tu_edpt_claim
                0x10009870       0x50 CMakeFiles/FatFS_SPI_example.dir/C_/Users/55999/.pico-sdk/sdk/2.1.1/lib/tinyusb/src/tusb.c.obj
                0x10009870                tu_edpt_claim
 .text.tu_edpt_release
                0x100098c0       0x38 CMakeFiles/FatFS_SPI_example.dir/C_/Users/55999/.pico-sdk/sdk/2.1.1/lib/tinyusb/src/tusb.c.obj
                0x100098c0                tu_edpt_release
 .text.tu_edpt_validate
                0x100098f8       0x7c CMakeFiles/FatFS_SPI_example.dir/C_/Users/55999/.pico-sdk/sdk/2.1.1/lib/tinyusb/src/tusb.c.obj
                0x100098f8                tu_edpt_validate
 .text.tu_edpt_bind_driver
                0x10009974       0x34 CMakeFiles/FatFS_SPI_example.dir/C_/Users/55999/.pico-sdk/sdk/2.1.1/lib/tinyusb/src/tusb.c.obj
                0x10009974                tu_edpt_bind_driver
 .text.tu_edpt_stream_init
                0x100099a8       0x6c CMakeFiles/FatFS_SPI_example.dir/C_/Users/55999/.pico-sdk/sdk/2.1.1/lib/tinyusb/src/tusb.c.obj
                0x100099a8                tu_edpt_stream_init
 .text.tu_edpt_stream_deinit
                0x10009a14        0x4 CMakeFiles/FatFS_SPI_example.dir/C_/Users/55999/.pico-sdk/sdk/2.1.1/lib/tinyusb/src/tusb.c.obj
                0x10009a14                tu_edpt_stream_deinit
 .text.tu_edpt_stream_write_zlp_if_needed
                0x10009a18       0x68 CMakeFiles/FatFS_SPI_example.dir/C_/Users/55999/.pico-sdk/sdk/2.1.1/lib/tinyusb/src/tusb.c.obj
                0x10009a18                tu_edpt_stream_write_zlp_if_needed
 .text.tu_edpt_stream_write_xfer
                0x10009a80       0x68 CMakeFiles/FatFS_SPI_example.dir/C_/Users/55999/.pico-sdk/sdk/2.1.1/lib/tinyusb/src/tusb.c.obj
                0x10009a80                tu_edpt_stream_write_xfer
 .text.tu_edpt_stream_read_xfer
                0x10009ae8       0xd8 CMakeFiles/FatFS_SPI_example.dir/C_/Users/55999/.pico-sdk/sdk/2.1.1/lib/tinyusb/src/tusb.c.obj
                0x10009ae8                tu_edpt_stream_read_xfer
 .text.tu_fifo_config
                0x10009bc0       0x6c CMakeFiles/FatFS_SPI_example.dir/C_/Users/55999/.pico-sdk/sdk/2.1.1/lib/tinyusb/src/common/tusb_fifo.c.obj
                0x10009bc0                tu_fifo_config
 .text.tu_fifo_count
                0x10009c2c       0x2c CMakeFiles/FatFS_SPI_example.dir/C_/Users/55999/.pico-sdk/sdk/2.1.1/lib/tinyusb/src/common/tusb_fifo.c.obj
                0x10009c2c                tu_fifo_count
 .text.tu_fifo_empty
                0x10009c58       0x10 CMakeFiles/FatFS_SPI_example.dir/C_/Users/55999/.pico-sdk/sdk/2.1.1/lib/tinyusb/src/common/tusb_fifo.c.obj
                0x10009c58                tu_fifo_empty
 .text.tu_fifo_remaining
                0x10009c68       0x2c CMakeFiles/FatFS_SPI_example.dir/C_/Users/55999/.pico-sdk/sdk/2.1.1/lib/tinyusb/src/common/tusb_fifo.c.obj
                0x10009c68                tu_fifo_remaining
 .text.tu_fifo_read
                0x10009c94       0x9c CMakeFiles/FatFS_SPI_example.dir/C_/Users/55999/.pico-sdk/sdk/2.1.1/lib/tinyusb/src/common/tusb_fifo.c.obj
                0x10009c94                tu_fifo_read
 .text.tu_fifo_read_n
                0x10009d30       0xe8 CMakeFiles/FatFS_SPI_example.dir/C_/Users/55999/.pico-sdk/sdk/2.1.1/lib/tinyusb/src/common/tusb_fifo.c.obj
                0x10009d30                tu_fifo_read_n
 .text.tu_fifo_write
                0x10009e18       0xa4 CMakeFiles/FatFS_SPI_example.dir/C_/Users/55999/.pico-sdk/sdk/2.1.1/lib/tinyusb/src/common/tusb_fifo.c.obj
                0x10009e18                tu_fifo_write
 .text.tu_fifo_write_n
                0x10009ebc      0x178 CMakeFiles/FatFS_SPI_example.dir/C_/Users/55999/.pico-sdk/sdk/2.1.1/lib/tinyusb/src/common/tusb_fifo.c.obj
                0x10009ebc                tu_fifo_write_n
 .text.tu_fifo_clear
                0x1000a034       0x40 CMakeFiles/FatFS_SPI_example.dir/C_/Users/55999/.pico-sdk/sdk/2.1.1/lib/tinyusb/src/common/tusb_fifo.c.obj
                0x1000a034                tu_fifo_clear
 .text.tu_fifo_set_overwritable
                0x1000a074       0x48 CMakeFiles/FatFS_SPI_example.dir/C_/Users/55999/.pico-sdk/sdk/2.1.1/lib/tinyusb/src/common/tusb_fifo.c.obj
                0x1000a074                tu_fifo_set_overwritable
 .text.ff_memalloc
                0x1000a0bc        0x8 CMakeFiles/FatFS_SPI_example.dir/a6ebfd2770a5cb354c33d285227981c1/FatFs_SPI/ff15/source/ffsystem.c.obj
                0x1000a0bc                ff_memalloc
 .text.ff_memfree
                0x1000a0c4        0x8 CMakeFiles/FatFS_SPI_example.dir/a6ebfd2770a5cb354c33d285227981c1/FatFs_SPI/ff15/source/ffsystem.c.obj
                0x1000a0c4                ff_memfree
 .text.ff_uni2oem
                0x1000a0cc       0x40 CMakeFiles/FatFS_SPI_example.dir/a6ebfd2770a5cb354c33d285227981c1/FatFs_SPI/ff15/source/ffunicode.c.obj
                0x1000a0cc                ff_uni2oem
 .text.ff_oem2uni
                0x1000a10c       0x2c CMakeFiles/FatFS_SPI_example.dir/a6ebfd2770a5cb354c33d285227981c1/FatFs_SPI/ff15/source/ffunicode.c.obj
                0x1000a10c                ff_oem2uni
 .text.ff_wtoupper
                0x1000a138       0xb8 CMakeFiles/FatFS_SPI_example.dir/a6ebfd2770a5cb354c33d285227981c1/FatFs_SPI/ff15/source/ffunicode.c.obj
                0x1000a138                ff_wtoupper
 .text.tchar2uni
                0x1000a1f0      0x100 CMakeFiles/FatFS_SPI_example.dir/9b0c6346979c7308582bd028c2833853/no-OS-FatFS-SD-SPI-RPi-Pico/FatFs_SPI/ff15/source/ff.c.obj
 .text.inc_share
                0x1000a2f0      0x37c CMakeFiles/FatFS_SPI_example.dir/9b0c6346979c7308582bd028c2833853/no-OS-FatFS-SD-SPI-RPi-Pico/FatFs_SPI/ff15/source/ff.c.obj
 .text.put_utf  0x1000a66c       0xec CMakeFiles/FatFS_SPI_example.dir/9b0c6346979c7308582bd028c2833853/no-OS-FatFS-SD-SPI-RPi-Pico/FatFs_SPI/ff15/source/ff.c.obj
 .text.dir_clear
                0x1000a758      0x1b0 CMakeFiles/FatFS_SPI_example.dir/9b0c6346979c7308582bd028c2833853/no-OS-FatFS-SD-SPI-RPi-Pico/FatFs_SPI/ff15/source/ff.c.obj
 .text.init_alloc_info.isra.0
                0x1000a908       0x6c CMakeFiles/FatFS_SPI_example.dir/9b0c6346979c7308582bd028c2833853/no-OS-FatFS-SD-SPI-RPi-Pico/FatFs_SPI/ff15/source/ff.c.obj
 .text.pattern_match
                0x1000a974      0x104 CMakeFiles/FatFS_SPI_example.dir/9b0c6346979c7308582bd028c2833853/no-OS-FatFS-SD-SPI-RPi-Pico/FatFs_SPI/ff15/source/ff.c.obj
 .text.move_window
                0x1000aa78       0xbc CMakeFiles/FatFS_SPI_example.dir/9b0c6346979c7308582bd028c2833853/no-OS-FatFS-SD-SPI-RPi-Pico/FatFs_SPI/ff15/source/ff.c.obj
 .text.put_fat.part.0
                0x1000ab34      0x164 CMakeFiles/FatFS_SPI_example.dir/9b0c6346979c7308582bd028c2833853/no-OS-FatFS-SD-SPI-RPi-Pico/FatFs_SPI/ff15/source/ff.c.obj
 .text.get_fat  0x1000ac98      0x1b0 CMakeFiles/FatFS_SPI_example.dir/9b0c6346979c7308582bd028c2833853/no-OS-FatFS-SD-SPI-RPi-Pico/FatFs_SPI/ff15/source/ff.c.obj
 .text.dir_next.constprop.0
                0x1000ae48       0xbc CMakeFiles/FatFS_SPI_example.dir/9b0c6346979c7308582bd028c2833853/no-OS-FatFS-SD-SPI-RPi-Pico/FatFs_SPI/ff15/source/ff.c.obj
 .text.get_fileinfo
                0x1000af04      0x328 CMakeFiles/FatFS_SPI_example.dir/9b0c6346979c7308582bd028c2833853/no-OS-FatFS-SD-SPI-RPi-Pico/FatFs_SPI/ff15/source/ff.c.obj
 .text.sync_fs  0x1000b22c       0xfc CMakeFiles/FatFS_SPI_example.dir/9b0c6346979c7308582bd028c2833853/no-OS-FatFS-SD-SPI-RPi-Pico/FatFs_SPI/ff15/source/ff.c.obj
 .text.check_fs
                0x1000b328      0x188 CMakeFiles/FatFS_SPI_example.dir/9b0c6346979c7308582bd028c2833853/no-OS-FatFS-SD-SPI-RPi-Pico/FatFs_SPI/ff15/source/ff.c.obj
 .text.mount_volume
                0x1000b4b0      0xac0 CMakeFiles/FatFS_SPI_example.dir/9b0c6346979c7308582bd028c2833853/no-OS-FatFS-SD-SPI-RPi-Pico/FatFs_SPI/ff15/source/ff.c.obj
 .text.load_xdir
                0x1000bf70      0x1c0 CMakeFiles/FatFS_SPI_example.dir/9b0c6346979c7308582bd028c2833853/no-OS-FatFS-SD-SPI-RPi-Pico/FatFs_SPI/ff15/source/ff.c.obj
 .text.dir_read.constprop.0
                0x1000c130      0x518 CMakeFiles/FatFS_SPI_example.dir/9b0c6346979c7308582bd028c2833853/no-OS-FatFS-SD-SPI-RPi-Pico/FatFs_SPI/ff15/source/ff.c.obj
 .text.dir_sdi  0x1000c648      0x2f4 CMakeFiles/FatFS_SPI_example.dir/9b0c6346979c7308582bd028c2833853/no-OS-FatFS-SD-SPI-RPi-Pico/FatFs_SPI/ff15/source/ff.c.obj
 .text.dir_remove
                0x1000c93c      0x1bc CMakeFiles/FatFS_SPI_example.dir/9b0c6346979c7308582bd028c2833853/no-OS-FatFS-SD-SPI-RPi-Pico/FatFs_SPI/ff15/source/ff.c.obj
 .text.store_xdir
                0x1000caf8      0x234 CMakeFiles/FatFS_SPI_example.dir/9b0c6346979c7308582bd028c2833853/no-OS-FatFS-SD-SPI-RPi-Pico/FatFs_SPI/ff15/source/ff.c.obj
 .text.dir_find
                0x1000cd2c      0x49c CMakeFiles/FatFS_SPI_example.dir/9b0c6346979c7308582bd028c2833853/no-OS-FatFS-SD-SPI-RPi-Pico/FatFs_SPI/ff15/source/ff.c.obj
 .text.follow_path
                0x1000d1c8      0x5b0 CMakeFiles/FatFS_SPI_example.dir/9b0c6346979c7308582bd028c2833853/no-OS-FatFS-SD-SPI-RPi-Pico/FatFs_SPI/ff15/source/ff.c.obj
 .text.remove_chain
                0x1000d778      0x3e4 CMakeFiles/FatFS_SPI_example.dir/9b0c6346979c7308582bd028c2833853/no-OS-FatFS-SD-SPI-RPi-Pico/FatFs_SPI/ff15/source/ff.c.obj
 .text.create_chain
                0x1000db5c      0x4fc CMakeFiles/FatFS_SPI_example.dir/9b0c6346979c7308582bd028c2833853/no-OS-FatFS-SD-SPI-RPi-Pico/FatFs_SPI/ff15/source/ff.c.obj
 .text.dir_alloc
                0x1000e058      0x214 CMakeFiles/FatFS_SPI_example.dir/9b0c6346979c7308582bd028c2833853/no-OS-FatFS-SD-SPI-RPi-Pico/FatFs_SPI/ff15/source/ff.c.obj
 .text.dir_register
                0x1000e26c      0x950 CMakeFiles/FatFS_SPI_example.dir/9b0c6346979c7308582bd028c2833853/no-OS-FatFS-SD-SPI-RPi-Pico/FatFs_SPI/ff15/source/ff.c.obj
 .text.f_mount  0x1000ebbc      0x1c8 CMakeFiles/FatFS_SPI_example.dir/9b0c6346979c7308582bd028c2833853/no-OS-FatFS-SD-SPI-RPi-Pico/FatFs_SPI/ff15/source/ff.c.obj
                0x1000ebbc                f_mount
 .text.f_open   0x1000ed84      0x89c CMakeFiles/FatFS_SPI_example.dir/9b0c6346979c7308582bd028c2833853/no-OS-FatFS-SD-SPI-RPi-Pico/FatFs_SPI/ff15/source/ff.c.obj
                0x1000ed84                f_open
 .text.f_read   0x1000f620      0x26c CMakeFiles/FatFS_SPI_example.dir/9b0c6346979c7308582bd028c2833853/no-OS-FatFS-SD-SPI-RPi-Pico/FatFs_SPI/ff15/source/ff.c.obj
                0x1000f620                f_read
 .text.f_write  0x1000f88c      0x2f4 CMakeFiles/FatFS_SPI_example.dir/9b0c6346979c7308582bd028c2833853/no-OS-FatFS-SD-SPI-RPi-Pico/FatFs_SPI/ff15/source/ff.c.obj
                0x1000f88c                f_write
 .text.putc_bfd
                0x1000fb80      0x178 CMakeFiles/FatFS_SPI_example.dir/9b0c6346979c7308582bd028c2833853/no-OS-FatFS-SD-SPI-RPi-Pico/FatFs_SPI/ff15/source/ff.c.obj
 .text.putc_bfd.constprop.0
                0x1000fcf8       0x50 CMakeFiles/FatFS_SPI_example.dir/9b0c6346979c7308582bd028c2833853/no-OS-FatFS-SD-SPI-RPi-Pico/FatFs_SPI/ff15/source/ff.c.obj
 .text.f_sync   0x1000fd48      0x2b8 CMakeFiles/FatFS_SPI_example.dir/9b0c6346979c7308582bd028c2833853/no-OS-FatFS-SD-SPI-RPi-Pico/FatFs_SPI/ff15/source/ff.c.obj
                0x1000fd48                f_sync
 .text.f_close  0x10010000       0x78 CMakeFiles/FatFS_SPI_example.dir/9b0c6346979c7308582bd028c2833853/no-OS-FatFS-SD-SPI-RPi-Pico/FatFs_SPI/ff15/source/ff.c.obj
                0x10010000                f_close
 .text.f_chdrive
                0x10010078       0x3c CMakeFiles/FatFS_SPI_example.dir/9b0c6346979c7308582bd028c2833853/no-OS-FatFS-SD-SPI-RPi-Pico/FatFs_SPI/ff15/source/ff.c.obj
                0x10010078                f_chdrive
 .text.f_chdir  0x100100b4      0x104 CMakeFiles/FatFS_SPI_example.dir/9b0c6346979c7308582bd028c2833853/no-OS-FatFS-SD-SPI-RPi-Pico/FatFs_SPI/ff15/source/ff.c.obj
                0x100100b4                f_chdir
 .text.f_getcwd
                0x100101b8      0x36c CMakeFiles/FatFS_SPI_example.dir/9b0c6346979c7308582bd028c2833853/no-OS-FatFS-SD-SPI-RPi-Pico/FatFs_SPI/ff15/source/ff.c.obj
                0x100101b8                f_getcwd
 .text.f_lseek  0x10010524      0x580 CMakeFiles/FatFS_SPI_example.dir/9b0c6346979c7308582bd028c2833853/no-OS-FatFS-SD-SPI-RPi-Pico/FatFs_SPI/ff15/source/ff.c.obj
                0x10010524                f_lseek
 .text.f_opendir
                0x10010aa4      0x104 CMakeFiles/FatFS_SPI_example.dir/9b0c6346979c7308582bd028c2833853/no-OS-FatFS-SD-SPI-RPi-Pico/FatFs_SPI/ff15/source/ff.c.obj
                0x10010aa4                f_opendir
 .text.f_closedir
                0x10010ba8       0x70 CMakeFiles/FatFS_SPI_example.dir/9b0c6346979c7308582bd028c2833853/no-OS-FatFS-SD-SPI-RPi-Pico/FatFs_SPI/ff15/source/ff.c.obj
                0x10010ba8                f_closedir
 .text.f_readdir
                0x10010c18       0x8c CMakeFiles/FatFS_SPI_example.dir/9b0c6346979c7308582bd028c2833853/no-OS-FatFS-SD-SPI-RPi-Pico/FatFs_SPI/ff15/source/ff.c.obj
                0x10010c18                f_readdir
 .text.f_findnext
                0x10010ca4      0x2b4 CMakeFiles/FatFS_SPI_example.dir/9b0c6346979c7308582bd028c2833853/no-OS-FatFS-SD-SPI-RPi-Pico/FatFs_SPI/ff15/source/ff.c.obj
                0x10010ca4                f_findnext
 .text.f_findfirst
                0x10010f58      0x118 CMakeFiles/FatFS_SPI_example.dir/9b0c6346979c7308582bd028c2833853/no-OS-FatFS-SD-SPI-RPi-Pico/FatFs_SPI/ff15/source/ff.c.obj
                0x10010f58                f_findfirst
 .text.f_stat   0x10011070       0x6c CMakeFiles/FatFS_SPI_example.dir/9b0c6346979c7308582bd028c2833853/no-OS-FatFS-SD-SPI-RPi-Pico/FatFs_SPI/ff15/source/ff.c.obj
                0x10011070                f_stat
 .text.f_getfree
                0x100110dc      0x204 CMakeFiles/FatFS_SPI_example.dir/9b0c6346979c7308582bd028c2833853/no-OS-FatFS-SD-SPI-RPi-Pico/FatFs_SPI/ff15/source/ff.c.obj
                0x100110dc                f_getfree
 .text.f_truncate
                0x100112e0      0x110 CMakeFiles/FatFS_SPI_example.dir/9b0c6346979c7308582bd028c2833853/no-OS-FatFS-SD-SPI-RPi-Pico/FatFs_SPI/ff15/source/ff.c.obj
                0x100112e0                f_truncate
 .text.f_unlink
                0x100113f0      0x2e0 CMakeFiles/FatFS_SPI_example.dir/9b0c6346979c7308582bd028c2833853/no-OS-FatFS-SD-SPI-RPi-Pico/FatFs_SPI/ff15/source/ff.c.obj
                0x100113f0                f_unlink
 .text.f_mkdir  0x100116d0      0x260 CMakeFiles/FatFS_SPI_example.dir/9b0c6346979c7308582bd028c2833853/no-OS-FatFS-SD-SPI-RPi-Pico/FatFs_SPI/ff15/source/ff.c.obj
                0x100116d0                f_mkdir
 .text.f_rename
                0x10011930      0x42c CMakeFiles/FatFS_SPI_example.dir/9b0c6346979c7308582bd028c2833853/no-OS-FatFS-SD-SPI-RPi-Pico/FatFs_SPI/ff15/source/ff.c.obj
                0x10011930                f_rename
 .text.f_mkfs   0x10011d5c     0x1c90 CMakeFiles/FatFS_SPI_example.dir/9b0c6346979c7308582bd028c2833853/no-OS-FatFS-SD-SPI-RPi-Pico/FatFs_SPI/ff15/source/ff.c.obj
                0x10011d5c                f_mkfs
 .text.f_gets   0x100139ec      0x46c CMakeFiles/FatFS_SPI_example.dir/9b0c6346979c7308582bd028c2833853/no-OS-FatFS-SD-SPI-RPi-Pico/FatFs_SPI/ff15/source/ff.c.obj
                0x100139ec                f_gets
 .text.f_printf
                0x10013e58      0xda8 CMakeFiles/FatFS_SPI_example.dir/9b0c6346979c7308582bd028c2833853/no-OS-FatFS-SD-SPI-RPi-Pico/FatFs_SPI/ff15/source/ff.c.obj
                0x10013e58                f_printf
 .text.sd_spi_go_high_frequency
                0x10014c00       0x10 CMakeFiles/FatFS_SPI_example.dir/9b0c6346979c7308582bd028c2833853/no-OS-FatFS-SD-SPI-RPi-Pico/FatFs_SPI/sd_driver/sd_spi.c.obj
                0x10014c00                sd_spi_go_high_frequency
 .text.sd_spi_go_low_frequency
                0x10014c10       0x14 CMakeFiles/FatFS_SPI_example.dir/9b0c6346979c7308582bd028c2833853/no-OS-FatFS-SD-SPI-RPi-Pico/FatFs_SPI/sd_driver/sd_spi.c.obj
                0x10014c10                sd_spi_go_low_frequency
 .text.sd_spi_deselect_pulse
                0x10014c24       0x44 CMakeFiles/FatFS_SPI_example.dir/9b0c6346979c7308582bd028c2833853/no-OS-FatFS-SD-SPI-RPi-Pico/FatFs_SPI/sd_driver/sd_spi.c.obj
                0x10014c24                sd_spi_deselect_pulse
 .text.sd_spi_acquire
                0x10014c68       0x30 CMakeFiles/FatFS_SPI_example.dir/9b0c6346979c7308582bd028c2833853/no-OS-FatFS-SD-SPI-RPi-Pico/FatFs_SPI/sd_driver/sd_spi.c.obj
                0x10014c68                sd_spi_acquire
 .text.sd_spi_release
                0x10014c98       0x30 CMakeFiles/FatFS_SPI_example.dir/9b0c6346979c7308582bd028c2833853/no-OS-FatFS-SD-SPI-RPi-Pico/FatFs_SPI/sd_driver/sd_spi.c.obj
                0x10014c98                sd_spi_release
 .text.sd_spi_transfer
                0x10014cc8        0xc CMakeFiles/FatFS_SPI_example.dir/9b0c6346979c7308582bd028c2833853/no-OS-FatFS-SD-SPI-RPi-Pico/FatFs_SPI/sd_driver/sd_spi.c.obj
                0x10014cc8                sd_spi_transfer
 .text.sd_spi_write
                0x10014cd4       0x24 CMakeFiles/FatFS_SPI_example.dir/9b0c6346979c7308582bd028c2833853/no-OS-FatFS-SD-SPI-RPi-Pico/FatFs_SPI/sd_driver/sd_spi.c.obj
                0x10014cd4                sd_spi_write
 .text.sd_spi_send_initializing_sequence
                0x10014cf8       0x78 CMakeFiles/FatFS_SPI_example.dir/9b0c6346979c7308582bd028c2833853/no-OS-FatFS-SD-SPI-RPi-Pico/FatFs_SPI/sd_driver/sd_spi.c.obj
                0x10014cf8                sd_spi_send_initializing_sequence
 .text.spi_lock
                0x10014d70        0xc CMakeFiles/FatFS_SPI_example.dir/9b0c6346979c7308582bd028c2833853/no-OS-FatFS-SD-SPI-RPi-Pico/FatFs_SPI/sd_driver/spi.c.obj
                0x10014d70                spi_lock
 .text.spi_unlock
                0x10014d7c        0xc CMakeFiles/FatFS_SPI_example.dir/9b0c6346979c7308582bd028c2833853/no-OS-FatFS-SD-SPI-RPi-Pico/FatFs_SPI/sd_driver/spi.c.obj
                0x10014d7c                spi_unlock
 .text.my_spi_init
                0x10014d88      0x1b4 CMakeFiles/FatFS_SPI_example.dir/9b0c6346979c7308582bd028c2833853/no-OS-FatFS-SD-SPI-RPi-Pico/FatFs_SPI/sd_driver/spi.c.obj
                0x10014d88                my_spi_init
 .text.sd_test_com
                0x10014f3c      0x1b8 CMakeFiles/FatFS_SPI_example.dir/a6ebfd2770a5cb354c33d285227981c1/FatFs_SPI/sd_driver/sd_card.c.obj
 .text.sd_cmd   0x100150f4      0x348 CMakeFiles/FatFS_SPI_example.dir/a6ebfd2770a5cb354c33d285227981c1/FatFs_SPI/sd_driver/sd_card.c.obj
 .text.sd_sectors_nolock
                0x1001543c      0x178 CMakeFiles/FatFS_SPI_example.dir/a6ebfd2770a5cb354c33d285227981c1/FatFs_SPI/sd_driver/sd_card.c.obj
 .text.sd_read_blocks
                0x100155b4      0x190 CMakeFiles/FatFS_SPI_example.dir/a6ebfd2770a5cb354c33d285227981c1/FatFs_SPI/sd_driver/sd_card.c.obj
                0x100155b4                sd_read_blocks
 .text.sd_write_blocks
                0x10015744      0x1fc CMakeFiles/FatFS_SPI_example.dir/a6ebfd2770a5cb354c33d285227981c1/FatFs_SPI/sd_driver/sd_card.c.obj
                0x10015744                sd_write_blocks
 .text.sd_init  0x10015940      0x210 CMakeFiles/FatFS_SPI_example.dir/a6ebfd2770a5cb354c33d285227981c1/FatFs_SPI/sd_driver/sd_card.c.obj
 .text.sd_card_detect
                0x10015b50       0x44 CMakeFiles/FatFS_SPI_example.dir/a6ebfd2770a5cb354c33d285227981c1/FatFs_SPI/sd_driver/sd_card.c.obj
                0x10015b50                sd_card_detect
 .text.sd_sectors
                0x10015b94       0x30 CMakeFiles/FatFS_SPI_example.dir/a6ebfd2770a5cb354c33d285227981c1/FatFs_SPI/sd_driver/sd_card.c.obj
                0x10015b94                sd_sectors
 .text.sd_init_driver
                0x10015bc4      0x110 CMakeFiles/FatFS_SPI_example.dir/a6ebfd2770a5cb354c33d285227981c1/FatFs_SPI/sd_driver/sd_card.c.obj
                0x10015bc4                sd_init_driver
 .text.crc7     0x10015cd4       0x28 CMakeFiles/FatFS_SPI_example.dir/9b0c6346979c7308582bd028c2833853/no-OS-FatFS-SD-SPI-RPi-Pico/FatFs_SPI/sd_driver/crc.c.obj
                0x10015cd4                crc7
 .text.crc16    0x10015cfc       0x30 CMakeFiles/FatFS_SPI_example.dir/9b0c6346979c7308582bd028c2833853/no-OS-FatFS-SD-SPI-RPi-Pico/FatFs_SPI/sd_driver/crc.c.obj
                0x10015cfc                crc16
 .text.disk_status
                0x10015d2c       0x18 CMakeFiles/FatFS_SPI_example.dir/988df3f0aa2f9b9c599daec3cfa5e2a3/teste_2/no-OS-FatFS-SD-SPI-RPi-Pico/FatFs_SPI/src/glue.c.obj
                0x10015d2c                disk_status
 .text.disk_initialize
                0x10015d44       0x2c CMakeFiles/FatFS_SPI_example.dir/988df3f0aa2f9b9c599daec3cfa5e2a3/teste_2/no-OS-FatFS-SD-SPI-RPi-Pico/FatFs_SPI/src/glue.c.obj
                0x10015d44                disk_initialize
 .text.disk_read
                0x10015d70       0x74 CMakeFiles/FatFS_SPI_example.dir/988df3f0aa2f9b9c599daec3cfa5e2a3/teste_2/no-OS-FatFS-SD-SPI-RPi-Pico/FatFs_SPI/src/glue.c.obj
                0x10015d70                disk_read
 .text.disk_write
                0x10015de4       0x74 CMakeFiles/FatFS_SPI_example.dir/988df3f0aa2f9b9c599daec3cfa5e2a3/teste_2/no-OS-FatFS-SD-SPI-RPi-Pico/FatFs_SPI/src/glue.c.obj
                0x10015de4                disk_write
 .text.disk_ioctl
                0x10015e58       0x3c CMakeFiles/FatFS_SPI_example.dir/988df3f0aa2f9b9c599daec3cfa5e2a3/teste_2/no-OS-FatFS-SD-SPI-RPi-Pico/FatFs_SPI/src/glue.c.obj
                0x10015e58                disk_ioctl
 .text.FRESULT_str
                0x10015e94       0x18 CMakeFiles/FatFS_SPI_example.dir/9b0c6346979c7308582bd028c2833853/no-OS-FatFS-SD-SPI-RPi-Pico/FatFs_SPI/src/f_util.c.obj
                0x10015e94                FRESULT_str
 .text.delete_node
                0x10015eac       0xd0 CMakeFiles/FatFS_SPI_example.dir/9b0c6346979c7308582bd028c2833853/no-OS-FatFS-SD-SPI-RPi-Pico/FatFs_SPI/src/f_util.c.obj
                0x10015eac                delete_node
 .text.ff_fopen
                0x10015f7c       0xe8 CMakeFiles/FatFS_SPI_example.dir/9b0c6346979c7308582bd028c2833853/no-OS-FatFS-SD-SPI-RPi-Pico/FatFs_SPI/src/ff_stdio.c.obj
                0x10015f7c                ff_fopen
 .text.ff_fclose
                0x10016064       0x3c CMakeFiles/FatFS_SPI_example.dir/9b0c6346979c7308582bd028c2833853/no-OS-FatFS-SD-SPI-RPi-Pico/FatFs_SPI/src/ff_stdio.c.obj
                0x10016064                ff_fclose
 .text.ff_stat  0x100160a0       0x3c CMakeFiles/FatFS_SPI_example.dir/9b0c6346979c7308582bd028c2833853/no-OS-FatFS-SD-SPI-RPi-Pico/FatFs_SPI/src/ff_stdio.c.obj
                0x100160a0                ff_stat
 .text.ff_fwrite
                0x100160dc       0x40 CMakeFiles/FatFS_SPI_example.dir/9b0c6346979c7308582bd028c2833853/no-OS-FatFS-SD-SPI-RPi-Pico/FatFs_SPI/src/ff_stdio.c.obj
                0x100160dc                ff_fwrite
 .text.ff_fread
                0x1001611c       0x40 CMakeFiles/FatFS_SPI_example.dir/9b0c6346979c7308582bd028c2833853/no-OS-FatFS-SD-SPI-RPi-Pico/FatFs_SPI/src/ff_stdio.c.obj
                0x1001611c                ff_fread
 .text.ff_chdir
                0x1001615c       0x30 CMakeFiles/FatFS_SPI_example.dir/9b0c6346979c7308582bd028c2833853/no-OS-FatFS-SD-SPI-RPi-Pico/FatFs_SPI/src/ff_stdio.c.obj
                0x1001615c                ff_chdir
 .text.ff_getcwd
                0x1001618c       0x70 CMakeFiles/FatFS_SPI_example.dir/9b0c6346979c7308582bd028c2833853/no-OS-FatFS-SD-SPI-RPi-Pico/FatFs_SPI/src/ff_stdio.c.obj
                0x1001618c                ff_getcwd
 .text.ff_mkdir
                0x100161fc       0x38 CMakeFiles/FatFS_SPI_example.dir/9b0c6346979c7308582bd028c2833853/no-OS-FatFS-SD-SPI-RPi-Pico/FatFs_SPI/src/ff_stdio.c.obj
                0x100161fc                ff_mkdir
 .text.ff_fputc
                0x10016234       0x48 CMakeFiles/FatFS_SPI_example.dir/9b0c6346979c7308582bd028c2833853/no-OS-FatFS-SD-SPI-RPi-Pico/FatFs_SPI/src/ff_stdio.c.obj
                0x10016234                ff_fputc
 .text.ff_fgetc
                0x1001627c       0x48 CMakeFiles/FatFS_SPI_example.dir/9b0c6346979c7308582bd028c2833853/no-OS-FatFS-SD-SPI-RPi-Pico/FatFs_SPI/src/ff_stdio.c.obj
                0x1001627c                ff_fgetc
 .text.ff_rmdir
                0x100162c4       0x30 CMakeFiles/FatFS_SPI_example.dir/9b0c6346979c7308582bd028c2833853/no-OS-FatFS-SD-SPI-RPi-Pico/FatFs_SPI/src/ff_stdio.c.obj
                0x100162c4                ff_rmdir
 .text.ff_remove
                0x100162f4       0x30 CMakeFiles/FatFS_SPI_example.dir/9b0c6346979c7308582bd028c2833853/no-OS-FatFS-SD-SPI-RPi-Pico/FatFs_SPI/src/ff_stdio.c.obj
                0x100162f4                ff_remove
 .text.ff_ftell
                0x10016324        0x4 CMakeFiles/FatFS_SPI_example.dir/9b0c6346979c7308582bd028c2833853/no-OS-FatFS-SD-SPI-RPi-Pico/FatFs_SPI/src/ff_stdio.c.obj
                0x10016324                ff_ftell
 .text.ff_fseek
                0x10016328       0x6c CMakeFiles/FatFS_SPI_example.dir/9b0c6346979c7308582bd028c2833853/no-OS-FatFS-SD-SPI-RPi-Pico/FatFs_SPI/src/ff_stdio.c.obj
                0x10016328                ff_fseek
 .text.ff_findfirst
                0x10016394       0xd8 CMakeFiles/FatFS_SPI_example.dir/9b0c6346979c7308582bd028c2833853/no-OS-FatFS-SD-SPI-RPi-Pico/FatFs_SPI/src/ff_stdio.c.obj
                0x10016394                ff_findfirst
 .text.ff_findnext
                0x1001646c       0x60 CMakeFiles/FatFS_SPI_example.dir/9b0c6346979c7308582bd028c2833853/no-OS-FatFS-SD-SPI-RPi-Pico/FatFs_SPI/src/ff_stdio.c.obj
                0x1001646c                ff_findnext
 .text.ff_truncate
                0x100164cc      0x15c CMakeFiles/FatFS_SPI_example.dir/9b0c6346979c7308582bd028c2833853/no-OS-FatFS-SD-SPI-RPi-Pico/FatFs_SPI/src/ff_stdio.c.obj
                0x100164cc                ff_truncate
 .text.ff_rename
                0x10016628       0x44 CMakeFiles/FatFS_SPI_example.dir/9b0c6346979c7308582bd028c2833853/no-OS-FatFS-SD-SPI-RPi-Pico/FatFs_SPI/src/ff_stdio.c.obj
                0x10016628                ff_rename
 .text.ff_fgets
                0x1001666c       0x1c CMakeFiles/FatFS_SPI_example.dir/9b0c6346979c7308582bd028c2833853/no-OS-FatFS-SD-SPI-RPi-Pico/FatFs_SPI/src/ff_stdio.c.obj
                0x1001666c                ff_fgets
 .text.time     0x10016688       0x88 CMakeFiles/FatFS_SPI_example.dir/988df3f0aa2f9b9c599daec3cfa5e2a3/teste_2/no-OS-FatFS-SD-SPI-RPi-Pico/FatFs_SPI/src/rtc.c.obj
                0x10016688                time
 .text.time_init
                0x10016710       0x54 CMakeFiles/FatFS_SPI_example.dir/988df3f0aa2f9b9c599daec3cfa5e2a3/teste_2/no-OS-FatFS-SD-SPI-RPi-Pico/FatFs_SPI/src/rtc.c.obj
                0x10016710                time_init
 .text.get_fattime
                0x10016764       0x64 CMakeFiles/FatFS_SPI_example.dir/988df3f0aa2f9b9c599daec3cfa5e2a3/teste_2/no-OS-FatFS-SD-SPI-RPi-Pico/FatFs_SPI/src/rtc.c.obj
                0x10016764                get_fattime
 .text.spi_init
                0x100167c8      0x13c CMakeFiles/FatFS_SPI_example.dir/C_/Users/55999/.pico-sdk/sdk/2.1.1/src/rp2_common/hardware_spi/spi.c.obj
                0x100167c8                spi_init
 .text.spi_set_baudrate
                0x10016904       0xb8 CMakeFiles/FatFS_SPI_example.dir/C_/Users/55999/.pico-sdk/sdk/2.1.1/src/rp2_common/hardware_spi/spi.c.obj
                0x10016904                spi_set_baudrate
 .text.dma_claim_unused_channel
                0x100169bc       0x24 CMakeFiles/FatFS_SPI_example.dir/C_/Users/55999/.pico-sdk/sdk/2.1.1/src/rp2_common/hardware_dma/dma.c.obj
                0x100169bc                dma_claim_unused_channel
 .text.rtc_init
                0x100169e0       0x38 CMakeFiles/FatFS_SPI_example.dir/C_/Users/55999/.pico-sdk/sdk/2.1.1/src/rp2_common/hardware_rtc/rtc.c.obj
                0x100169e0                rtc_init
 .text.rtc_set_datetime
                0x10016a18       0xac CMakeFiles/FatFS_SPI_example.dir/C_/Users/55999/.pico-sdk/sdk/2.1.1/src/rp2_common/hardware_rtc/rtc.c.obj
                0x10016a18                rtc_set_datetime
 .text.rtc_get_datetime
                0x10016ac4       0x44 CMakeFiles/FatFS_SPI_example.dir/C_/Users/55999/.pico-sdk/sdk/2.1.1/src/rp2_common/hardware_rtc/rtc.c.obj
                0x10016ac4                rtc_get_datetime
 .text.adc_init
                0x10016b08       0x38 CMakeFiles/FatFS_SPI_example.dir/C_/Users/55999/.pico-sdk/sdk/2.1.1/src/rp2_common/hardware_adc/adc.c.obj
                0x10016b08                adc_init
 .text.atoi     0x10016b40        0xc C:/Users/55999/.pico-sdk/toolchain/14_2_Rel1/bin/../lib/gcc/arm-none-eabi/14.2.1/thumb/v6-m/nofp\libg.a(libc_a-atoi.o)
                0x10016b40                atoi
 .text.calloc   0x10016b4c       0x18 C:/Users/55999/.pico-sdk/toolchain/14_2_Rel1/bin/../lib/gcc/arm-none-eabi/14.2.1/thumb/v6-m/nofp\libg.a(libc_a-calloc.o)
                0x10016b4c                calloc
 .text._calloc_r
                0x10016b64       0xa8 C:/Users/55999/.pico-sdk/toolchain/14_2_Rel1/bin/../lib/gcc/arm-none-eabi/14.2.1/thumb/v6-m/nofp\libg.a(libc_a-callocr.o)
                0x10016b64                _calloc_r
 .text.malloc   0x10016c0c       0x14 C:/Users/55999/.pico-sdk/toolchain/14_2_Rel1/bin/../lib/gcc/arm-none-eabi/14.2.1/thumb/v6-m/nofp\libg.a(libc_a-malloc.o)
                0x10016c0c                malloc
 .text.free     0x10016c20       0x14 C:/Users/55999/.pico-sdk/toolchain/14_2_Rel1/bin/../lib/gcc/arm-none-eabi/14.2.1/thumb/v6-m/nofp\libg.a(libc_a-malloc.o)